<?xml version="1.0" encoding="ISO-8859-1" ?>
<link_info>
   <banner>TI ARM Linker PC v20.2.5.LTS</banner>
   <copyright>Copyright (c) 1996-2018 Texas Instruments Incorporated</copyright>
   <link_time>0x62694a1a</link_time>
   <link_errors>0x0</link_errors>
   <output_file>uarttest.out</output_file>
   <entry_point>
      <name>_c_int00_noargs</name>
      <address>0x2ce9</address>
   </entry_point>
   <input_file_list>
      <input_file id="fl-2">
         <path>.\</path>
         <kind>object</kind>
         <file>main.obj</file>
         <name>main.obj</name>
      </input_file>
      <input_file id="fl-3">
         <path>.\</path>
         <kind>object</kind>
         <file>startup_msp432p401r_ccs.obj</file>
         <name>startup_msp432p401r_ccs.obj</name>
      </input_file>
      <input_file id="fl-4">
         <path>.\</path>
         <kind>object</kind>
         <file>system_msp432p401r.obj</file>
         <name>system_msp432p401r.obj</name>
      </input_file>
      <input_file id="fl-8">
         <kind>object</kind>
         <file>&lt;internal&gt;</file>
         <name>&lt;internal&gt;</name>
      </input_file>
      <input_file id="fl-be">
         <path>C:\ti\ccs1100\ccs\tools\compiler\ti-cgt-arm_20.2.5.LTS\lib\</path>
         <kind>archive</kind>
         <file>rtsv7M4_T_le_v4SPD16_eabi.lib</file>
         <name>printf.c.obj</name>
      </input_file>
      <input_file id="fl-bf">
         <path>C:\ti\ccs1100\ccs\tools\compiler\ti-cgt-arm_20.2.5.LTS\lib\</path>
         <kind>archive</kind>
         <file>rtsv7M4_T_le_v4SPD16_eabi.lib</file>
         <name>_printfi.c.obj</name>
      </input_file>
      <input_file id="fl-c0">
         <path>C:\ti\ccs1100\ccs\tools\compiler\ti-cgt-arm_20.2.5.LTS\lib\</path>
         <kind>archive</kind>
         <file>rtsv7M4_T_le_v4SPD16_eabi.lib</file>
         <name>fputc.c.obj</name>
      </input_file>
      <input_file id="fl-c1">
         <path>C:\ti\ccs1100\ccs\tools\compiler\ti-cgt-arm_20.2.5.LTS\lib\</path>
         <kind>archive</kind>
         <file>rtsv7M4_T_le_v4SPD16_eabi.lib</file>
         <name>fputs.c.obj</name>
      </input_file>
      <input_file id="fl-c2">
         <path>C:\ti\ccs1100\ccs\tools\compiler\ti-cgt-arm_20.2.5.LTS\lib\</path>
         <kind>archive</kind>
         <file>rtsv7M4_T_le_v4SPD16_eabi.lib</file>
         <name>_io_perm.c.obj</name>
      </input_file>
      <input_file id="fl-c3">
         <path>C:\ti\ccs1100\ccs\tools\compiler\ti-cgt-arm_20.2.5.LTS\lib\</path>
         <kind>archive</kind>
         <file>rtsv7M4_T_le_v4SPD16_eabi.lib</file>
         <name>setvbuf.c.obj</name>
      </input_file>
      <input_file id="fl-c4">
         <path>C:\ti\ccs1100\ccs\tools\compiler\ti-cgt-arm_20.2.5.LTS\lib\</path>
         <kind>archive</kind>
         <file>rtsv7M4_T_le_v4SPD16_eabi.lib</file>
         <name>s_frexp.c.obj</name>
      </input_file>
      <input_file id="fl-c5">
         <path>C:\ti\ccs1100\ccs\tools\compiler\ti-cgt-arm_20.2.5.LTS\lib\</path>
         <kind>archive</kind>
         <file>rtsv7M4_T_le_v4SPD16_eabi.lib</file>
         <name>s_scalbn.c.obj</name>
      </input_file>
      <input_file id="fl-c6">
         <path>C:\ti\ccs1100\ccs\tools\compiler\ti-cgt-arm_20.2.5.LTS\lib\</path>
         <kind>archive</kind>
         <file>rtsv7M4_T_le_v4SPD16_eabi.lib</file>
         <name>wcslen.c.obj</name>
      </input_file>
      <input_file id="fl-c7">
         <path>C:\ti\ccs1100\ccs\tools\compiler\ti-cgt-arm_20.2.5.LTS\lib\</path>
         <kind>archive</kind>
         <file>rtsv7M4_T_le_v4SPD16_eabi.lib</file>
         <name>fd_add_t2.asm.obj</name>
      </input_file>
      <input_file id="fl-c8">
         <path>C:\ti\ccs1100\ccs\tools\compiler\ti-cgt-arm_20.2.5.LTS\lib\</path>
         <kind>archive</kind>
         <file>rtsv7M4_T_le_v4SPD16_eabi.lib</file>
         <name>fd_cmp_t2.asm.obj</name>
      </input_file>
      <input_file id="fl-c9">
         <path>C:\ti\ccs1100\ccs\tools\compiler\ti-cgt-arm_20.2.5.LTS\lib\</path>
         <kind>archive</kind>
         <file>rtsv7M4_T_le_v4SPD16_eabi.lib</file>
         <name>fd_div_t2.asm.obj</name>
      </input_file>
      <input_file id="fl-ca">
         <path>C:\ti\ccs1100\ccs\tools\compiler\ti-cgt-arm_20.2.5.LTS\lib\</path>
         <kind>archive</kind>
         <file>rtsv7M4_T_le_v4SPD16_eabi.lib</file>
         <name>fd_mul_t2.asm.obj</name>
      </input_file>
      <input_file id="fl-cb">
         <path>C:\ti\ccs1100\ccs\tools\compiler\ti-cgt-arm_20.2.5.LTS\lib\</path>
         <kind>archive</kind>
         <file>rtsv7M4_T_le_v4SPD16_eabi.lib</file>
         <name>fd_toi_t2.asm.obj</name>
      </input_file>
      <input_file id="fl-cc">
         <path>C:\ti\ccs1100\ccs\tools\compiler\ti-cgt-arm_20.2.5.LTS\lib\</path>
         <kind>archive</kind>
         <file>rtsv7M4_T_le_v4SPD16_eabi.lib</file>
         <name>i_tofd_t2.asm.obj</name>
      </input_file>
      <input_file id="fl-cd">
         <path>C:\ti\ccs1100\ccs\tools\compiler\ti-cgt-arm_20.2.5.LTS\lib\</path>
         <kind>archive</kind>
         <file>rtsv7M4_T_le_v4SPD16_eabi.lib</file>
         <name>memcpy_t2.asm.obj</name>
      </input_file>
      <input_file id="fl-ce">
         <path>C:\ti\ccs1100\ccs\tools\compiler\ti-cgt-arm_20.2.5.LTS\lib\</path>
         <kind>archive</kind>
         <file>rtsv7M4_T_le_v4SPD16_eabi.lib</file>
         <name>ull_div_t2.asm.obj</name>
      </input_file>
      <input_file id="fl-cf">
         <path>C:\ti\ccs1100\ccs\tools\compiler\ti-cgt-arm_20.2.5.LTS\lib\</path>
         <kind>archive</kind>
         <file>rtsv7M4_T_le_v4SPD16_eabi.lib</file>
         <name>memset_t2.asm.obj</name>
      </input_file>
      <input_file id="fl-d0">
         <path>C:\ti\ccs1100\ccs\tools\compiler\ti-cgt-arm_20.2.5.LTS\lib\</path>
         <kind>archive</kind>
         <file>rtsv7M4_T_le_v4SPD16_eabi.lib</file>
         <name>copy_zero_init.c.obj</name>
      </input_file>
      <input_file id="fl-d1">
         <path>C:\ti\ccs1100\ccs\tools\compiler\ti-cgt-arm_20.2.5.LTS\lib\</path>
         <kind>archive</kind>
         <file>rtsv7M4_T_le_v4SPD16_eabi.lib</file>
         <name>copy_decompress_none.c.obj</name>
      </input_file>
      <input_file id="fl-d2">
         <path>C:\ti\ccs1100\ccs\tools\compiler\ti-cgt-arm_20.2.5.LTS\lib\</path>
         <kind>archive</kind>
         <file>rtsv7M4_T_le_v4SPD16_eabi.lib</file>
         <name>copy_decompress_lzss.c.obj</name>
      </input_file>
      <input_file id="fl-d3">
         <path>C:\ti\ccs1100\ccs\tools\compiler\ti-cgt-arm_20.2.5.LTS\lib\</path>
         <kind>archive</kind>
         <file>rtsv7M4_T_le_v4SPD16_eabi.lib</file>
         <name>exit.c.obj</name>
      </input_file>
      <input_file id="fl-d4">
         <path>C:\ti\ccs1100\ccs\tools\compiler\ti-cgt-arm_20.2.5.LTS\lib\</path>
         <kind>archive</kind>
         <file>rtsv7M4_T_le_v4SPD16_eabi.lib</file>
         <name>_lock.c.obj</name>
      </input_file>
      <input_file id="fl-d5">
         <path>C:\ti\ccs1100\ccs\tools\compiler\ti-cgt-arm_20.2.5.LTS\lib\</path>
         <kind>archive</kind>
         <file>rtsv7M4_T_le_v4SPD16_eabi.lib</file>
         <name>_ltoa.c.obj</name>
      </input_file>
      <input_file id="fl-d6">
         <path>C:\ti\ccs1100\ccs\tools\compiler\ti-cgt-arm_20.2.5.LTS\lib\</path>
         <kind>archive</kind>
         <file>rtsv7M4_T_le_v4SPD16_eabi.lib</file>
         <name>atoi.c.obj</name>
      </input_file>
      <input_file id="fl-d7">
         <path>C:\ti\ccs1100\ccs\tools\compiler\ti-cgt-arm_20.2.5.LTS\lib\</path>
         <kind>archive</kind>
         <file>rtsv7M4_T_le_v4SPD16_eabi.lib</file>
         <name>ctype.c.obj</name>
      </input_file>
      <input_file id="fl-d8">
         <path>C:\ti\ccs1100\ccs\tools\compiler\ti-cgt-arm_20.2.5.LTS\lib\</path>
         <kind>archive</kind>
         <file>rtsv7M4_T_le_v4SPD16_eabi.lib</file>
         <name>defs.c.obj</name>
      </input_file>
      <input_file id="fl-d9">
         <path>C:\ti\ccs1100\ccs\tools\compiler\ti-cgt-arm_20.2.5.LTS\lib\</path>
         <kind>archive</kind>
         <file>rtsv7M4_T_le_v4SPD16_eabi.lib</file>
         <name>memccpy.c.obj</name>
      </input_file>
      <input_file id="fl-da">
         <path>C:\ti\ccs1100\ccs\tools\compiler\ti-cgt-arm_20.2.5.LTS\lib\</path>
         <kind>archive</kind>
         <file>rtsv7M4_T_le_v4SPD16_eabi.lib</file>
         <name>memchr.c.obj</name>
      </input_file>
      <input_file id="fl-db">
         <path>C:\ti\ccs1100\ccs\tools\compiler\ti-cgt-arm_20.2.5.LTS\lib\</path>
         <kind>archive</kind>
         <file>rtsv7M4_T_le_v4SPD16_eabi.lib</file>
         <name>memory.c.obj</name>
      </input_file>
      <input_file id="fl-dc">
         <path>C:\ti\ccs1100\ccs\tools\compiler\ti-cgt-arm_20.2.5.LTS\lib\</path>
         <kind>archive</kind>
         <file>rtsv7M4_T_le_v4SPD16_eabi.lib</file>
         <name>strchr.c.obj</name>
      </input_file>
      <input_file id="fl-dd">
         <path>C:\ti\ccs1100\ccs\tools\compiler\ti-cgt-arm_20.2.5.LTS\lib\</path>
         <kind>archive</kind>
         <file>rtsv7M4_T_le_v4SPD16_eabi.lib</file>
         <name>strlen.c.obj</name>
      </input_file>
      <input_file id="fl-de">
         <path>C:\ti\ccs1100\ccs\tools\compiler\ti-cgt-arm_20.2.5.LTS\lib\</path>
         <kind>archive</kind>
         <file>rtsv7M4_T_le_v4SPD16_eabi.lib</file>
         <name>errno.c.obj</name>
      </input_file>
      <input_file id="fl-df">
         <path>C:\ti\ccs1100\ccs\tools\compiler\ti-cgt-arm_20.2.5.LTS\lib\</path>
         <kind>archive</kind>
         <file>rtsv7M4_T_le_v4SPD16_eabi.lib</file>
         <name>boot_cortex_m.c.obj</name>
      </input_file>
      <input_file id="fl-e0">
         <path>C:\ti\ccs1100\ccs\tools\compiler\ti-cgt-arm_20.2.5.LTS\lib\</path>
         <kind>archive</kind>
         <file>rtsv7M4_T_le_v4SPD16_eabi.lib</file>
         <name>write.c.obj</name>
      </input_file>
      <input_file id="fl-e1">
         <path>C:\ti\ccs1100\ccs\tools\compiler\ti-cgt-arm_20.2.5.LTS\lib\</path>
         <kind>archive</kind>
         <file>rtsv7M4_T_le_v4SPD16_eabi.lib</file>
         <name>host_device.c.obj</name>
      </input_file>
      <input_file id="fl-e2">
         <path>C:\ti\ccs1100\ccs\tools\compiler\ti-cgt-arm_20.2.5.LTS\lib\</path>
         <kind>archive</kind>
         <file>rtsv7M4_T_le_v4SPD16_eabi.lib</file>
         <name>fflush.c.obj</name>
      </input_file>
      <input_file id="fl-e3">
         <path>C:\ti\ccs1100\ccs\tools\compiler\ti-cgt-arm_20.2.5.LTS\lib\</path>
         <kind>archive</kind>
         <file>rtsv7M4_T_le_v4SPD16_eabi.lib</file>
         <name>fopen.c.obj</name>
      </input_file>
      <input_file id="fl-e4">
         <path>C:\ti\ccs1100\ccs\tools\compiler\ti-cgt-arm_20.2.5.LTS\lib\</path>
         <kind>archive</kind>
         <file>rtsv7M4_T_le_v4SPD16_eabi.lib</file>
         <name>fseek.c.obj</name>
      </input_file>
      <input_file id="fl-e5">
         <path>C:\ti\ccs1100\ccs\tools\compiler\ti-cgt-arm_20.2.5.LTS\lib\</path>
         <kind>archive</kind>
         <file>rtsv7M4_T_le_v4SPD16_eabi.lib</file>
         <name>s_copysign.c.obj</name>
      </input_file>
      <input_file id="fl-e6">
         <path>C:\ti\ccs1100\ccs\tools\compiler\ti-cgt-arm_20.2.5.LTS\lib\</path>
         <kind>archive</kind>
         <file>rtsv7M4_T_le_v4SPD16_eabi.lib</file>
         <name>div0.asm.obj</name>
      </input_file>
      <input_file id="fl-e7">
         <path>C:\ti\ccs1100\ccs\tools\compiler\ti-cgt-arm_20.2.5.LTS\lib\</path>
         <kind>archive</kind>
         <file>rtsv7M4_T_le_v4SPD16_eabi.lib</file>
         <name>autoinit.c.obj</name>
      </input_file>
      <input_file id="fl-e8">
         <path>C:\ti\ccs1100\ccs\tools\compiler\ti-cgt-arm_20.2.5.LTS\lib\</path>
         <kind>archive</kind>
         <file>rtsv7M4_T_le_v4SPD16_eabi.lib</file>
         <name>pre_init.c.obj</name>
      </input_file>
      <input_file id="fl-e9">
         <path>C:\ti\ccs1100\ccs\tools\compiler\ti-cgt-arm_20.2.5.LTS\lib\</path>
         <kind>archive</kind>
         <file>rtsv7M4_T_le_v4SPD16_eabi.lib</file>
         <name>cpy_tbl.c.obj</name>
      </input_file>
      <input_file id="fl-ea">
         <path>C:\ti\ccs1100\ccs\tools\compiler\ti-cgt-arm_20.2.5.LTS\lib\</path>
         <kind>archive</kind>
         <file>rtsv7M4_T_le_v4SPD16_eabi.lib</file>
         <name>args_main.c.obj</name>
      </input_file>
      <input_file id="fl-eb">
         <path>C:\ti\ccs1100\ccs\tools\compiler\ti-cgt-arm_20.2.5.LTS\lib\</path>
         <kind>archive</kind>
         <file>rtsv7M4_T_le_v4SPD16_eabi.lib</file>
         <name>hostclose.c.obj</name>
      </input_file>
      <input_file id="fl-ec">
         <path>C:\ti\ccs1100\ccs\tools\compiler\ti-cgt-arm_20.2.5.LTS\lib\</path>
         <kind>archive</kind>
         <file>rtsv7M4_T_le_v4SPD16_eabi.lib</file>
         <name>hostlseek.c.obj</name>
      </input_file>
      <input_file id="fl-ed">
         <path>C:\ti\ccs1100\ccs\tools\compiler\ti-cgt-arm_20.2.5.LTS\lib\</path>
         <kind>archive</kind>
         <file>rtsv7M4_T_le_v4SPD16_eabi.lib</file>
         <name>hostopen.c.obj</name>
      </input_file>
      <input_file id="fl-ee">
         <path>C:\ti\ccs1100\ccs\tools\compiler\ti-cgt-arm_20.2.5.LTS\lib\</path>
         <kind>archive</kind>
         <file>rtsv7M4_T_le_v4SPD16_eabi.lib</file>
         <name>hostread.c.obj</name>
      </input_file>
      <input_file id="fl-ef">
         <path>C:\ti\ccs1100\ccs\tools\compiler\ti-cgt-arm_20.2.5.LTS\lib\</path>
         <kind>archive</kind>
         <file>rtsv7M4_T_le_v4SPD16_eabi.lib</file>
         <name>hostrename.c.obj</name>
      </input_file>
      <input_file id="fl-f0">
         <path>C:\ti\ccs1100\ccs\tools\compiler\ti-cgt-arm_20.2.5.LTS\lib\</path>
         <kind>archive</kind>
         <file>rtsv7M4_T_le_v4SPD16_eabi.lib</file>
         <name>hostunlink.c.obj</name>
      </input_file>
      <input_file id="fl-f1">
         <path>C:\ti\ccs1100\ccs\tools\compiler\ti-cgt-arm_20.2.5.LTS\lib\</path>
         <kind>archive</kind>
         <file>rtsv7M4_T_le_v4SPD16_eabi.lib</file>
         <name>hostwrite.c.obj</name>
      </input_file>
      <input_file id="fl-f2">
         <path>C:\ti\ccs1100\ccs\tools\compiler\ti-cgt-arm_20.2.5.LTS\lib\</path>
         <kind>archive</kind>
         <file>rtsv7M4_T_le_v4SPD16_eabi.lib</file>
         <name>trgmsg.c.obj</name>
      </input_file>
      <input_file id="fl-f3">
         <path>C:\ti\ccs1100\ccs\tools\compiler\ti-cgt-arm_20.2.5.LTS\lib\</path>
         <kind>archive</kind>
         <file>rtsv7M4_T_le_v4SPD16_eabi.lib</file>
         <name>open.c.obj</name>
      </input_file>
      <input_file id="fl-f4">
         <path>C:\ti\ccs1100\ccs\tools\compiler\ti-cgt-arm_20.2.5.LTS\lib\</path>
         <kind>archive</kind>
         <file>rtsv7M4_T_le_v4SPD16_eabi.lib</file>
         <name>lseek.c.obj</name>
      </input_file>
      <input_file id="fl-f5">
         <path>C:\ti\ccs1100\ccs\tools\compiler\ti-cgt-arm_20.2.5.LTS\lib\</path>
         <kind>archive</kind>
         <file>rtsv7M4_T_le_v4SPD16_eabi.lib</file>
         <name>fclose.c.obj</name>
      </input_file>
      <input_file id="fl-f6">
         <path>C:\ti\ccs1100\ccs\tools\compiler\ti-cgt-arm_20.2.5.LTS\lib\</path>
         <kind>archive</kind>
         <file>rtsv7M4_T_le_v4SPD16_eabi.lib</file>
         <name>getdevice.c.obj</name>
      </input_file>
      <input_file id="fl-f7">
         <path>C:\ti\ccs1100\ccs\tools\compiler\ti-cgt-arm_20.2.5.LTS\lib\</path>
         <kind>archive</kind>
         <file>rtsv7M4_T_le_v4SPD16_eabi.lib</file>
         <name>strcmp.c.obj</name>
      </input_file>
      <input_file id="fl-f8">
         <path>C:\ti\ccs1100\ccs\tools\compiler\ti-cgt-arm_20.2.5.LTS\lib\</path>
         <kind>archive</kind>
         <file>rtsv7M4_T_le_v4SPD16_eabi.lib</file>
         <name>strcpy.c.obj</name>
      </input_file>
      <input_file id="fl-f9">
         <path>C:\ti\ccs1100\ccs\tools\compiler\ti-cgt-arm_20.2.5.LTS\lib\</path>
         <kind>archive</kind>
         <file>rtsv7M4_T_le_v4SPD16_eabi.lib</file>
         <name>strncpy.c.obj</name>
      </input_file>
      <input_file id="fl-fa">
         <path>C:\ti\ccs1100\ccs\tools\compiler\ti-cgt-arm_20.2.5.LTS\lib\</path>
         <kind>archive</kind>
         <file>rtsv7M4_T_le_v4SPD16_eabi.lib</file>
         <name>remove.c.obj</name>
      </input_file>
      <input_file id="fl-fb">
         <path>C:\ti\ccs1100\ccs\tools\compiler\ti-cgt-arm_20.2.5.LTS\lib\</path>
         <kind>archive</kind>
         <file>rtsv7M4_T_le_v4SPD16_eabi.lib</file>
         <name>close.c.obj</name>
      </input_file>
      <input_file id="fl-fc">
         <path>C:\ti\ccs1100\ccs\tools\compiler\ti-cgt-arm_20.2.5.LTS\lib\</path>
         <kind>archive</kind>
         <file>rtsv7M4_T_le_v4SPD16_eabi.lib</file>
         <name>unlink.c.obj</name>
      </input_file>
   </input_file_list>
   <object_component_list>
      <object_component id="oc-26">
         <name>.intvecs:retain</name>
         <load_address>0x0</load_address>
         <run_address>0x0</run_address>
         <size>0xe4</size>
         <input_file_ref idref="fl-3"/>
      </object_component>
      <object_component id="oc-12d">
         <name>.text:__TI_printfi</name>
         <load_address>0xe4</load_address>
         <run_address>0xe4</run_address>
         <size>0xa4e</size>
         <input_file_ref idref="fl-bf"/>
      </object_component>
      <object_component id="oc-1cb">
         <name>.text:_nop</name>
         <load_address>0xb32</load_address>
         <run_address>0xb32</run_address>
         <size>0x2</size>
         <input_file_ref idref="fl-d4"/>
      </object_component>
      <object_component id="oc-ac">
         <name>.text</name>
         <load_address>0xb34</load_address>
         <run_address>0xb34</run_address>
         <size>0x334</size>
         <input_file_ref idref="fl-4"/>
      </object_component>
      <object_component id="oc-1a7">
         <name>.text:_pconv_a</name>
         <load_address>0xe68</load_address>
         <run_address>0xe68</run_address>
         <size>0x270</size>
         <input_file_ref idref="fl-bf"/>
      </object_component>
      <object_component id="oc-195">
         <name>.text:_pconv_g</name>
         <load_address>0x10d8</load_address>
         <run_address>0x10d8</run_address>
         <size>0x1d0</size>
         <input_file_ref idref="fl-bf"/>
      </object_component>
      <object_component id="oc-232">
         <name>.text</name>
         <load_address>0x12a8</load_address>
         <run_address>0x12a8</run_address>
         <size>0x1b6</size>
         <input_file_ref idref="fl-c7"/>
      </object_component>
      <object_component id="oc-2b8">
         <name>.text</name>
         <load_address>0x145e</load_address>
         <run_address>0x145e</run_address>
         <size>0x2</size>
         <input_file_ref idref="fl-e6"/>
      </object_component>
      <object_component id="oc-1a1">
         <name>.text:_pconv_e</name>
         <load_address>0x1460</load_address>
         <run_address>0x1460</run_address>
         <size>0x13c</size>
         <input_file_ref idref="fl-bf"/>
      </object_component>
      <object_component id="oc-9a">
         <name>.text</name>
         <load_address>0x159c</load_address>
         <run_address>0x159c</run_address>
         <size>0x13c</size>
         <input_file_ref idref="fl-2"/>
      </object_component>
      <object_component id="oc-218">
         <name>.text</name>
         <load_address>0x16d8</load_address>
         <run_address>0x16d8</run_address>
         <size>0x136</size>
         <input_file_ref idref="fl-c9"/>
      </object_component>
      <object_component id="oc-244">
         <name>.text:fcvt</name>
         <load_address>0x1810</load_address>
         <run_address>0x1810</run_address>
         <size>0x124</size>
         <input_file_ref idref="fl-bf"/>
      </object_component>
      <object_component id="oc-1d9">
         <name>.text:fputs</name>
         <load_address>0x1934</load_address>
         <run_address>0x1934</run_address>
         <size>0x114</size>
         <input_file_ref idref="fl-c1"/>
      </object_component>
      <object_component id="oc-258">
         <name>.text:scalbn</name>
         <load_address>0x1a48</load_address>
         <run_address>0x1a48</run_address>
         <size>0x110</size>
         <input_file_ref idref="fl-c5"/>
      </object_component>
      <object_component id="oc-363">
         <name>.text:aligned_alloc</name>
         <load_address>0x1b58</load_address>
         <run_address>0x1b58</run_address>
         <size>0x100</size>
         <input_file_ref idref="fl-db"/>
      </object_component>
      <object_component id="oc-213">
         <name>.text</name>
         <load_address>0x1c58</load_address>
         <run_address>0x1c58</run_address>
         <size>0xfc</size>
         <input_file_ref idref="fl-ca"/>
      </object_component>
      <object_component id="oc-321">
         <name>.text:free</name>
         <load_address>0x1d54</load_address>
         <run_address>0x1d54</run_address>
         <size>0xe4</size>
         <input_file_ref idref="fl-db"/>
      </object_component>
      <object_component id="oc-2f3">
         <name>.text:setvbuf</name>
         <load_address>0x1e38</load_address>
         <run_address>0x1e38</run_address>
         <size>0xdc</size>
         <input_file_ref idref="fl-c3"/>
      </object_component>
      <object_component id="oc-18a">
         <name>.text:_ltostr</name>
         <load_address>0x1f14</load_address>
         <run_address>0x1f14</run_address>
         <size>0xb1</size>
         <input_file_ref idref="fl-bf"/>
      </object_component>
      <object_component id="oc-3a">
         <name>.text</name>
         <load_address>0x1fc6</load_address>
         <run_address>0x1fc6</run_address>
         <size>0x9c</size>
         <input_file_ref idref="fl-cd"/>
      </object_component>
      <object_component id="oc-20c">
         <name>.text</name>
         <load_address>0x2062</load_address>
         <run_address>0x2062</run_address>
         <size>0x96</size>
         <input_file_ref idref="fl-ce"/>
      </object_component>
      <object_component id="oc-1e0">
         <name>.text:fputc</name>
         <load_address>0x20f8</load_address>
         <run_address>0x20f8</run_address>
         <size>0x8c</size>
         <input_file_ref idref="fl-c0"/>
      </object_component>
      <object_component id="oc-190">
         <name>.text:__aeabi_cdcmple</name>
         <load_address>0x2184</load_address>
         <run_address>0x2184</run_address>
         <size>0x86</size>
         <input_file_ref idref="fl-c8"/>
      </object_component>
      <object_component id="oc-21d">
         <name>.text:__aeabi_cdrcmple</name>
         <load_address>0x220a</load_address>
         <run_address>0x220a</run_address>
         <size>0x86</size>
         <input_file_ref idref="fl-c8"/>
      </object_component>
      <object_component id="oc-8e">
         <name>.text</name>
         <load_address>0x2290</load_address>
         <run_address>0x2290</run_address>
         <size>0x7a</size>
         <input_file_ref idref="fl-cf"/>
      </object_component>
      <object_component id="oc-36a">
         <name>.text:__TI_closefile</name>
         <load_address>0x230c</load_address>
         <run_address>0x230c</run_address>
         <size>0x74</size>
         <input_file_ref idref="fl-f5"/>
      </object_component>
      <object_component id="oc-3ab">
         <name>.text:split</name>
         <load_address>0x2380</load_address>
         <run_address>0x2380</run_address>
         <size>0x70</size>
         <input_file_ref idref="fl-db"/>
      </object_component>
      <object_component id="oc-23d">
         <name>.text:_mcpy</name>
         <load_address>0x23f0</load_address>
         <run_address>0x23f0</run_address>
         <size>0x6e</size>
         <input_file_ref idref="fl-bf"/>
      </object_component>
      <object_component id="oc-39a">
         <name>.text:HOSTrename</name>
         <load_address>0x2460</load_address>
         <run_address>0x2460</run_address>
         <size>0x6c</size>
         <input_file_ref idref="fl-ef"/>
      </object_component>
      <object_component id="oc-38e">
         <name>.text:HOSTlseek</name>
         <load_address>0x24cc</load_address>
         <run_address>0x24cc</run_address>
         <size>0x68</size>
         <input_file_ref idref="fl-ec"/>
      </object_component>
      <object_component id="oc-17">
         <name>.text:decompress:lzss:__TI_decompress_lzss</name>
         <load_address>0x2534</load_address>
         <run_address>0x2534</run_address>
         <size>0x68</size>
         <input_file_ref idref="fl-d2"/>
      </object_component>
      <object_component id="oc-d6">
         <name>.text:printf</name>
         <load_address>0x259c</load_address>
         <run_address>0x259c</run_address>
         <size>0x68</size>
         <input_file_ref idref="fl-be"/>
      </object_component>
      <object_component id="oc-252">
         <name>.text:frexp</name>
         <load_address>0x2604</load_address>
         <run_address>0x2604</run_address>
         <size>0x64</size>
         <input_file_ref idref="fl-c4"/>
      </object_component>
      <object_component id="oc-2ed">
         <name>.text:fseek</name>
         <load_address>0x2668</load_address>
         <run_address>0x2668</run_address>
         <size>0x64</size>
         <input_file_ref idref="fl-e4"/>
      </object_component>
      <object_component id="oc-289">
         <name>.text:__TI_wrt_ok</name>
         <load_address>0x26cc</load_address>
         <run_address>0x26cc</run_address>
         <size>0x62</size>
         <input_file_ref idref="fl-c2"/>
      </object_component>
      <object_component id="oc-376">
         <name>.text:HOSTopen</name>
         <load_address>0x2730</load_address>
         <run_address>0x2730</run_address>
         <size>0x60</size>
         <input_file_ref idref="fl-ed"/>
      </object_component>
      <object_component id="oc-3b2">
         <name>.text:close</name>
         <load_address>0x2790</load_address>
         <run_address>0x2790</run_address>
         <size>0x5c</size>
         <input_file_ref idref="fl-fb"/>
      </object_component>
      <object_component id="oc-382">
         <name>.text:HOSTread</name>
         <load_address>0x27ec</load_address>
         <run_address>0x27ec</run_address>
         <size>0x58</size>
         <input_file_ref idref="fl-ee"/>
      </object_component>
      <object_component id="oc-388">
         <name>.text:HOSTwrite</name>
         <load_address>0x2844</load_address>
         <run_address>0x2844</run_address>
         <size>0x58</size>
         <input_file_ref idref="fl-f1"/>
      </object_component>
      <object_component id="oc-19b">
         <name>.text:_pconv_f</name>
         <load_address>0x289c</load_address>
         <run_address>0x289c</run_address>
         <size>0x56</size>
         <input_file_ref idref="fl-bf"/>
      </object_component>
      <object_component id="oc-227">
         <name>.text:__TI_ltoa</name>
         <load_address>0x28f2</load_address>
         <run_address>0x28f2</run_address>
         <size>0x54</size>
         <input_file_ref idref="fl-d5"/>
      </object_component>
      <object_component id="oc-237">
         <name>.text:_ecpy</name>
         <load_address>0x2946</load_address>
         <run_address>0x2946</run_address>
         <size>0x52</size>
         <input_file_ref idref="fl-bf"/>
      </object_component>
      <object_component id="oc-295">
         <name>.text:__TI_doflush</name>
         <load_address>0x2998</load_address>
         <run_address>0x2998</run_address>
         <size>0x4c</size>
         <input_file_ref idref="fl-e2"/>
      </object_component>
      <object_component id="oc-184">
         <name>.text:atoi</name>
         <load_address>0x29e4</load_address>
         <run_address>0x29e4</run_address>
         <size>0x4c</size>
         <input_file_ref idref="fl-d6"/>
      </object_component>
      <object_component id="oc-e7">
         <name>.text:exit</name>
         <load_address>0x2a30</load_address>
         <run_address>0x2a30</run_address>
         <size>0x48</size>
         <input_file_ref idref="fl-d3"/>
      </object_component>
      <object_component id="oc-222">
         <name>.text</name>
         <load_address>0x2a78</load_address>
         <run_address>0x2a78</run_address>
         <size>0x48</size>
         <input_file_ref idref="fl-cb"/>
      </object_component>
      <object_component id="oc-37c">
         <name>.text:HOSTclose</name>
         <load_address>0x2ac0</load_address>
         <run_address>0x2ac0</run_address>
         <size>0x44</size>
         <input_file_ref idref="fl-eb"/>
      </object_component>
      <object_component id="oc-394">
         <name>.text:HOSTunlink</name>
         <load_address>0x2b04</load_address>
         <run_address>0x2b04</run_address>
         <size>0x44</size>
         <input_file_ref idref="fl-f0"/>
      </object_component>
      <object_component id="oc-ed">
         <name>.text:__TI_auto_init_nobinit_nopinit:__TI_auto_init_nobinit_nopinit</name>
         <load_address>0x2b48</load_address>
         <run_address>0x2b48</run_address>
         <size>0x44</size>
         <input_file_ref idref="fl-e7"/>
      </object_component>
      <object_component id="oc-3ea">
         <name>.text:getdevice</name>
         <load_address>0x2b8c</load_address>
         <run_address>0x2b8c</run_address>
         <size>0x44</size>
         <input_file_ref idref="fl-f6"/>
      </object_component>
      <object_component id="oc-24a">
         <name>.text:_fcpy</name>
         <load_address>0x2bd0</load_address>
         <run_address>0x2bd0</run_address>
         <size>0x3e</size>
         <input_file_ref idref="fl-bf"/>
      </object_component>
      <object_component id="oc-3c3">
         <name>.text:__TI_writemsg</name>
         <load_address>0x2c10</load_address>
         <run_address>0x2c10</run_address>
         <size>0x38</size>
         <input_file_ref idref="fl-f2"/>
      </object_component>
      <object_component id="oc-40c">
         <name>.text:strncpy</name>
         <load_address>0x2c48</load_address>
         <run_address>0x2c48</run_address>
         <size>0x36</size>
         <input_file_ref idref="fl-f9"/>
      </object_component>
      <object_component id="oc-32d">
         <name>.text:__TI_cleanup</name>
         <load_address>0x2c80</load_address>
         <run_address>0x2c80</run_address>
         <size>0x34</size>
         <input_file_ref idref="fl-e3"/>
      </object_component>
      <object_component id="oc-3c9">
         <name>.text:__TI_readmsg</name>
         <load_address>0x2cb4</load_address>
         <run_address>0x2cb4</run_address>
         <size>0x34</size>
         <input_file_ref idref="fl-f2"/>
      </object_component>
      <object_component id="oc-58">
         <name>.text:_c_int00_noargs:_c_int00_noargs</name>
         <load_address>0x2ce8</load_address>
         <run_address>0x2ce8</run_address>
         <size>0x34</size>
         <input_file_ref idref="fl-df"/>
      </object_component>
      <object_component id="oc-412">
         <name>.text:finddevice</name>
         <load_address>0x2d1c</load_address>
         <run_address>0x2d1c</run_address>
         <size>0x30</size>
         <input_file_ref idref="fl-f6"/>
      </object_component>
      <object_component id="oc-22d">
         <name>.text</name>
         <load_address>0x2d4c</load_address>
         <run_address>0x2d4c</run_address>
         <size>0x2e</size>
         <input_file_ref idref="fl-cc"/>
      </object_component>
      <object_component id="oc-3b8">
         <name>.text:unlink</name>
         <load_address>0x2d7c</load_address>
         <run_address>0x2d7c</run_address>
         <size>0x2c</size>
         <input_file_ref idref="fl-fc"/>
      </object_component>
      <object_component id="oc-35c">
         <name>.text:free_list_insert</name>
         <load_address>0x2da8</load_address>
         <run_address>0x2da8</run_address>
         <size>0x28</size>
         <input_file_ref idref="fl-db"/>
      </object_component>
      <object_component id="oc-319">
         <name>.text:lseek</name>
         <load_address>0x2dd0</load_address>
         <run_address>0x2dd0</run_address>
         <size>0x28</size>
         <input_file_ref idref="fl-f4"/>
      </object_component>
      <object_component id="oc-29b">
         <name>.text:write</name>
         <load_address>0x2df8</load_address>
         <run_address>0x2df8</run_address>
         <size>0x28</size>
         <input_file_ref idref="fl-e0"/>
      </object_component>
      <object_component id="oc-28f">
         <name>.text:memchr</name>
         <load_address>0x2e20</load_address>
         <run_address>0x2e20</run_address>
         <size>0x20</size>
         <input_file_ref idref="fl-da"/>
      </object_component>
      <object_component id="oc-46">
         <name>.text:decompress:ZI:__TI_zero_init_nomemset:__TI_zero_init_nomemset</name>
         <load_address>0x2e40</load_address>
         <run_address>0x2e40</run_address>
         <size>0x1c</size>
         <input_file_ref idref="fl-d0"/>
      </object_component>
      <object_component id="oc-356">
         <name>.text:free_list_remove</name>
         <load_address>0x2e5c</load_address>
         <run_address>0x2e5c</run_address>
         <size>0x1c</size>
         <input_file_ref idref="fl-db"/>
      </object_component>
      <object_component id="oc-1ad">
         <name>.text:memccpy</name>
         <load_address>0x2e78</load_address>
         <run_address>0x2e78</run_address>
         <size>0x1c</size>
         <input_file_ref idref="fl-d9"/>
      </object_component>
      <object_component id="oc-2d1">
         <name>.text:copysign</name>
         <load_address>0x2e94</load_address>
         <run_address>0x2e94</run_address>
         <size>0x1a</size>
         <input_file_ref idref="fl-e5"/>
      </object_component>
      <object_component id="oc-429">
         <name>.text:strcmp</name>
         <load_address>0x2eae</load_address>
         <run_address>0x2eae</run_address>
         <size>0x18</size>
         <input_file_ref idref="fl-f7"/>
      </object_component>
      <object_component id="oc-25e">
         <name>.text:strchr</name>
         <load_address>0x2ec6</load_address>
         <run_address>0x2ec6</run_address>
         <size>0x16</size>
         <input_file_ref idref="fl-dc"/>
      </object_component>
      <object_component id="oc-3dd">
         <name>.text:strcpy</name>
         <load_address>0x2edc</load_address>
         <run_address>0x2edc</run_address>
         <size>0x14</size>
         <input_file_ref idref="fl-f8"/>
      </object_component>
      <object_component id="oc-17e">
         <name>.text:strlen</name>
         <load_address>0x2ef0</load_address>
         <run_address>0x2ef0</run_address>
         <size>0x14</size>
         <input_file_ref idref="fl-dd"/>
      </object_component>
      <object_component id="oc-1b3">
         <name>.text:wcslen</name>
         <load_address>0x2f04</load_address>
         <run_address>0x2f04</run_address>
         <size>0x12</size>
         <input_file_ref idref="fl-c6"/>
      </object_component>
      <object_component id="oc-1d">
         <name>.text:decompress:none:__TI_decompress_none</name>
         <load_address>0x2f16</load_address>
         <run_address>0x2f16</run_address>
         <size>0xe</size>
         <input_file_ref idref="fl-d1"/>
      </object_component>
      <object_component id="oc-6a">
         <name>.text</name>
         <load_address>0x2f24</load_address>
         <run_address>0x2f24</run_address>
         <size>0xe</size>
         <input_file_ref idref="fl-3"/>
      </object_component>
      <object_component id="oc-1b9">
         <name>.text:__aeabi_errno_addr</name>
         <load_address>0x2f34</load_address>
         <run_address>0x2f34</run_address>
         <size>0x8</size>
         <input_file_ref idref="fl-de"/>
      </object_component>
      <object_component id="oc-327">
         <name>.text:malloc</name>
         <load_address>0x2f3c</load_address>
         <run_address>0x2f3c</run_address>
         <size>0x8</size>
         <input_file_ref idref="fl-db"/>
      </object_component>
      <object_component id="oc-13f">
         <name>.text:_outc</name>
         <load_address>0x2f44</load_address>
         <run_address>0x2f44</run_address>
         <size>0x4</size>
         <input_file_ref idref="fl-be"/>
      </object_component>
      <object_component id="oc-139">
         <name>.text:_outs</name>
         <load_address>0x2f48</load_address>
         <run_address>0x2f48</run_address>
         <size>0x4</size>
         <input_file_ref idref="fl-be"/>
      </object_component>
      <object_component id="oc-94">
         <name>.text:_system_pre_init</name>
         <load_address>0x2f4c</load_address>
         <run_address>0x2f4c</run_address>
         <size>0x4</size>
         <input_file_ref idref="fl-e8"/>
      </object_component>
      <object_component id="oc-e1">
         <name>.text:abort:abort</name>
         <load_address>0x2f50</load_address>
         <run_address>0x2f50</run_address>
         <size>0x4</size>
         <input_file_ref idref="fl-d3"/>
      </object_component>
      <object_component id="oc-207">
         <name>.const:.string:_ctypes_</name>
         <load_address>0x2f54</load_address>
         <run_address>0x2f54</run_address>
         <size>0x101</size>
         <input_file_ref idref="fl-d7"/>
      </object_component>
      <object_component id="oc-dc">
         <name>.const:.string:$P$T0$1</name>
         <load_address>0x3055</load_address>
         <run_address>0x3055</run_address>
         <size>0x3e</size>
         <input_file_ref idref="fl-2"/>
      </object_component>
      <object_component id="oc-469">
         <name>.cinit..data.load</name>
         <load_address>0x3098</load_address>
         <run_address>0x3098</run_address>
         <size>0x6a</size>
      </object_component>
      <object_component id="oc-467">
         <name>__TI_handler_table</name>
         <load_address>0x3104</load_address>
         <run_address>0x3104</run_address>
         <size>0xc</size>
      </object_component>
      <object_component id="oc-46a">
         <name>.cinit..bss.load</name>
         <load_address>0x3110</load_address>
         <run_address>0x3110</run_address>
         <size>0x8</size>
      </object_component>
      <object_component id="oc-468">
         <name>__TI_cinit_table</name>
         <load_address>0x3118</load_address>
         <run_address>0x3118</run_address>
         <size>0x10</size>
      </object_component>
      <object_component id="oc-43b">
         <name>.binit</name>
         <load_address>0x0</load_address>
         <run_address>0x0</run_address>
         <size>0x0</size>
      </object_component>
      <object_component id="oc-11f">
         <name>.data</name>
         <load_address>0x200005e8</load_address>
         <run_address>0x200005e8</run_address>
         <size>0x4</size>
         <input_file_ref idref="fl-4"/>
      </object_component>
      <object_component id="oc-160">
         <name>.data:$O1$$</name>
         <load_address>0x200005c8</load_address>
         <run_address>0x200005c8</run_address>
         <size>0xc</size>
         <input_file_ref idref="fl-d3"/>
      </object_component>
      <object_component id="oc-133">
         <name>.data:$O1$$</name>
         <load_address>0x200005d4</load_address>
         <run_address>0x200005d4</run_address>
         <size>0x8</size>
         <input_file_ref idref="fl-d4"/>
      </object_component>
      <object_component id="oc-136">
         <name>.data:_ftable</name>
         <load_address>0x20000400</load_address>
         <run_address>0x20000400</run_address>
         <size>0xf0</size>
         <input_file_ref idref="fl-d8"/>
      </object_component>
      <object_component id="oc-370">
         <name>.data</name>
         <load_address>0x200005b8</load_address>
         <run_address>0x200005b8</run_address>
         <size>0x10</size>
         <input_file_ref idref="fl-d8"/>
      </object_component>
      <object_component id="oc-3a6">
         <name>.data:$O1$$</name>
         <load_address>0x200005dc</load_address>
         <run_address>0x200005dc</run_address>
         <size>0x8</size>
         <input_file_ref idref="fl-db"/>
      </object_component>
      <object_component id="oc-26e">
         <name>.data</name>
         <load_address>0x200005e4</load_address>
         <run_address>0x200005e4</run_address>
         <size>0x4</size>
         <input_file_ref idref="fl-de"/>
      </object_component>
      <object_component id="oc-340">
         <name>.data:_device</name>
         <load_address>0x200004f0</load_address>
         <run_address>0x200004f0</run_address>
         <size>0x78</size>
         <input_file_ref idref="fl-e1"/>
      </object_component>
      <object_component id="oc-2ff">
         <name>.data:_stream</name>
         <load_address>0x20000568</load_address>
         <run_address>0x20000568</run_address>
         <size>0x50</size>
         <input_file_ref idref="fl-e1"/>
      </object_component>
      <object_component id="oc-3f4">
         <name>.bss:_CIOBUF_</name>
         <uninitialized>true</uninitialized>
         <run_address>0x200005ec</run_address>
         <size>0x120</size>
         <input_file_ref idref="fl-f2"/>
      </object_component>
      <object_component id="oc-3be">
         <name>.common:__TI_tmpnams</name>
         <uninitialized>true</uninitialized>
         <run_address>0x2000070c</run_address>
         <size>0xa0</size>
      </object_component>
      <object_component id="oc-3cf">
         <name>.common:parmbuf</name>
         <uninitialized>true</uninitialized>
         <run_address>0x200007ac</run_address>
         <size>0x8</size>
      </object_component>
      <object_component id="oc-29">
         <name>.sysmem</name>
         <uninitialized>true</uninitialized>
         <run_address>0x20000000</run_address>
         <size>0x10</size>
         <input_file_ref idref="fl-db"/>
      </object_component>
      <object_component id="oc-46d">
         <name>.sysmem</name>
         <uninitialized>true</uninitialized>
         <run_address>0x20000000</run_address>
         <size>0x0</size>
      </object_component>
      <object_component id="oc-2c">
         <name>.stack</name>
         <uninitialized>true</uninitialized>
         <run_address>0x2000fe00</run_address>
         <size>0x4</size>
         <input_file_ref idref="fl-df"/>
      </object_component>
      <object_component id="oc-46c">
         <name>.stack</name>
         <uninitialized>true</uninitialized>
         <run_address>0x2000fe00</run_address>
         <size>0x0</size>
      </object_component>
      <object_component id="oc-e0">
         <name>.debug_info</name>
         <load_address>0x0</load_address>
         <run_address>0x0</run_address>
         <size>0x5a9</size>
         <input_file_ref idref="fl-2"/>
      </object_component>
      <object_component id="oc-dd">
         <name>.debug_info</name>
         <load_address>0x5a9</load_address>
         <run_address>0x5a9</run_address>
         <size>0xc6</size>
         <input_file_ref idref="fl-2"/>
      </object_component>
      <object_component id="oc-9e">
         <name>.debug_info</name>
         <load_address>0x66f</load_address>
         <run_address>0x66f</run_address>
         <size>0x230</size>
         <input_file_ref idref="fl-2"/>
      </object_component>
      <object_component id="oc-150">
         <name>.debug_info</name>
         <load_address>0x89f</load_address>
         <run_address>0x89f</run_address>
         <size>0x37e2</size>
         <input_file_ref idref="fl-2"/>
      </object_component>
      <object_component id="oc-b5">
         <name>.debug_info</name>
         <load_address>0x4081</load_address>
         <run_address>0x4081</run_address>
         <size>0x26b</size>
         <input_file_ref idref="fl-2"/>
      </object_component>
      <object_component id="oc-155">
         <name>.debug_info</name>
         <load_address>0x42ec</load_address>
         <run_address>0x42ec</run_address>
         <size>0x1055</size>
         <input_file_ref idref="fl-2"/>
      </object_component>
      <object_component id="oc-35">
         <name>.debug_info</name>
         <load_address>0x5341</load_address>
         <run_address>0x5341</run_address>
         <size>0x84</size>
         <input_file_ref idref="fl-2"/>
      </object_component>
      <object_component id="oc-128">
         <name>.debug_info</name>
         <load_address>0x53c5</load_address>
         <run_address>0x53c5</run_address>
         <size>0x2a4</size>
         <input_file_ref idref="fl-2"/>
      </object_component>
      <object_component id="oc-123">
         <name>.debug_info</name>
         <load_address>0x5669</load_address>
         <run_address>0x5669</run_address>
         <size>0xbb</size>
         <input_file_ref idref="fl-2"/>
      </object_component>
      <object_component id="oc-147">
         <name>.debug_info</name>
         <load_address>0x5724</load_address>
         <run_address>0x5724</run_address>
         <size>0x2c</size>
         <input_file_ref idref="fl-2"/>
      </object_component>
      <object_component id="oc-15a">
         <name>.debug_info</name>
         <load_address>0x5750</load_address>
         <run_address>0x5750</run_address>
         <size>0x35</size>
         <input_file_ref idref="fl-2"/>
      </object_component>
      <object_component id="oc-72">
         <name>.debug_info</name>
         <load_address>0x5785</load_address>
         <run_address>0x5785</run_address>
         <size>0x2c0</size>
         <input_file_ref idref="fl-3"/>
      </object_component>
      <object_component id="oc-27">
         <name>.debug_info</name>
         <load_address>0x5a45</load_address>
         <run_address>0x5a45</run_address>
         <size>0xec</size>
         <input_file_ref idref="fl-3"/>
      </object_component>
      <object_component id="oc-6c">
         <name>.debug_info</name>
         <load_address>0x5b31</load_address>
         <run_address>0x5b31</run_address>
         <size>0x1b3</size>
         <input_file_ref idref="fl-3"/>
      </object_component>
      <object_component id="oc-120">
         <name>.debug_info</name>
         <load_address>0x5ce4</load_address>
         <run_address>0x5ce4</run_address>
         <size>0xe5</size>
         <input_file_ref idref="fl-4"/>
      </object_component>
      <object_component id="oc-ae">
         <name>.debug_info</name>
         <load_address>0x5dc9</load_address>
         <run_address>0x5dc9</run_address>
         <size>0x257</size>
         <input_file_ref idref="fl-4"/>
      </object_component>
      <object_component id="oc-146">
         <name>.debug_info</name>
         <load_address>0x6020</load_address>
         <run_address>0x6020</run_address>
         <size>0x3e5</size>
         <input_file_ref idref="fl-be"/>
      </object_component>
      <object_component id="oc-140">
         <name>.debug_info</name>
         <load_address>0x6405</load_address>
         <run_address>0x6405</run_address>
         <size>0x157</size>
         <input_file_ref idref="fl-be"/>
      </object_component>
      <object_component id="oc-13b">
         <name>.debug_info</name>
         <load_address>0x655c</load_address>
         <run_address>0x655c</run_address>
         <size>0x166</size>
         <input_file_ref idref="fl-be"/>
      </object_component>
      <object_component id="oc-d8">
         <name>.debug_info</name>
         <load_address>0x66c2</load_address>
         <run_address>0x66c2</run_address>
         <size>0x1ac</size>
         <input_file_ref idref="fl-be"/>
      </object_component>
      <object_component id="oc-1e9">
         <name>.debug_info</name>
         <load_address>0x686e</load_address>
         <run_address>0x686e</run_address>
         <size>0xb2</size>
         <input_file_ref idref="fl-be"/>
      </object_component>
      <object_component id="oc-1c0">
         <name>.debug_info</name>
         <load_address>0x6920</load_address>
         <run_address>0x6920</run_address>
         <size>0x590</size>
         <input_file_ref idref="fl-bf"/>
      </object_component>
      <object_component id="oc-18b">
         <name>.debug_info</name>
         <load_address>0x6eb0</load_address>
         <run_address>0x6eb0</run_address>
         <size>0x21e</size>
         <input_file_ref idref="fl-bf"/>
      </object_component>
      <object_component id="oc-238">
         <name>.debug_info</name>
         <load_address>0x70ce</load_address>
         <run_address>0x70ce</run_address>
         <size>0x1b3</size>
         <input_file_ref idref="fl-bf"/>
      </object_component>
      <object_component id="oc-23e">
         <name>.debug_info</name>
         <load_address>0x7281</load_address>
         <run_address>0x7281</run_address>
         <size>0x21b</size>
         <input_file_ref idref="fl-bf"/>
      </object_component>
      <object_component id="oc-196">
         <name>.debug_info</name>
         <load_address>0x749c</load_address>
         <run_address>0x749c</run_address>
         <size>0x3c0</size>
         <input_file_ref idref="fl-bf"/>
      </object_component>
      <object_component id="oc-245">
         <name>.debug_info</name>
         <load_address>0x785c</load_address>
         <run_address>0x785c</run_address>
         <size>0x30a</size>
         <input_file_ref idref="fl-bf"/>
      </object_component>
      <object_component id="oc-24b">
         <name>.debug_info</name>
         <load_address>0x7b66</load_address>
         <run_address>0x7b66</run_address>
         <size>0x215</size>
         <input_file_ref idref="fl-bf"/>
      </object_component>
      <object_component id="oc-19c">
         <name>.debug_info</name>
         <load_address>0x7d7b</load_address>
         <run_address>0x7d7b</run_address>
         <size>0x215</size>
         <input_file_ref idref="fl-bf"/>
      </object_component>
      <object_component id="oc-1a2">
         <name>.debug_info</name>
         <load_address>0x7f90</load_address>
         <run_address>0x7f90</run_address>
         <size>0x304</size>
         <input_file_ref idref="fl-bf"/>
      </object_component>
      <object_component id="oc-1a8">
         <name>.debug_info</name>
         <load_address>0x8294</load_address>
         <run_address>0x8294</run_address>
         <size>0x4b5</size>
         <input_file_ref idref="fl-bf"/>
      </object_component>
      <object_component id="oc-12e">
         <name>.debug_info</name>
         <load_address>0x8749</load_address>
         <run_address>0x8749</run_address>
         <size>0x5f4</size>
         <input_file_ref idref="fl-bf"/>
      </object_component>
      <object_component id="oc-1c1">
         <name>.debug_info</name>
         <load_address>0x8d3d</load_address>
         <run_address>0x8d3d</run_address>
         <size>0x86</size>
         <input_file_ref idref="fl-bf"/>
      </object_component>
      <object_component id="oc-27a">
         <name>.debug_info</name>
         <load_address>0x8dc3</load_address>
         <run_address>0x8dc3</run_address>
         <size>0x39</size>
         <input_file_ref idref="fl-bf"/>
      </object_component>
      <object_component id="oc-2e8">
         <name>.debug_info</name>
         <load_address>0x8dfc</load_address>
         <run_address>0x8dfc</run_address>
         <size>0xb6</size>
         <input_file_ref idref="fl-bf"/>
      </object_component>
      <object_component id="oc-27f">
         <name>.debug_info</name>
         <load_address>0x8eb2</load_address>
         <run_address>0x8eb2</run_address>
         <size>0x46</size>
         <input_file_ref idref="fl-bf"/>
      </object_component>
      <object_component id="oc-1c6">
         <name>.debug_info</name>
         <load_address>0x8ef8</load_address>
         <run_address>0x8ef8</run_address>
         <size>0x46</size>
         <input_file_ref idref="fl-bf"/>
      </object_component>
      <object_component id="oc-275">
         <name>.debug_info</name>
         <load_address>0x8f3e</load_address>
         <run_address>0x8f3e</run_address>
         <size>0x2c</size>
         <input_file_ref idref="fl-bf"/>
      </object_component>
      <object_component id="oc-2a4">
         <name>.debug_info</name>
         <load_address>0x8f6a</load_address>
         <run_address>0x8f6a</run_address>
         <size>0x383</size>
         <input_file_ref idref="fl-c0"/>
      </object_component>
      <object_component id="oc-1e4">
         <name>.debug_info</name>
         <load_address>0x92ed</load_address>
         <run_address>0x92ed</run_address>
         <size>0x1ea</size>
         <input_file_ref idref="fl-c0"/>
      </object_component>
      <object_component id="oc-2a2">
         <name>.debug_info</name>
         <load_address>0x94d7</load_address>
         <run_address>0x94d7</run_address>
         <size>0x3fc</size>
         <input_file_ref idref="fl-c1"/>
      </object_component>
      <object_component id="oc-1db">
         <name>.debug_info</name>
         <load_address>0x98d3</load_address>
         <run_address>0x98d3</run_address>
         <size>0x2e2</size>
         <input_file_ref idref="fl-c1"/>
      </object_component>
      <object_component id="oc-cd">
         <name>.debug_info</name>
         <load_address>0x9bb5</load_address>
         <run_address>0x9bb5</run_address>
         <size>0x2c</size>
         <input_file_ref idref="fl-c1"/>
      </object_component>
      <object_component id="oc-2fa">
         <name>.debug_info</name>
         <load_address>0x9be1</load_address>
         <run_address>0x9be1</run_address>
         <size>0x300</size>
         <input_file_ref idref="fl-c2"/>
      </object_component>
      <object_component id="oc-28a">
         <name>.debug_info</name>
         <load_address>0x9ee1</load_address>
         <run_address>0x9ee1</run_address>
         <size>0x19c</size>
         <input_file_ref idref="fl-c2"/>
      </object_component>
      <object_component id="oc-335">
         <name>.debug_info</name>
         <load_address>0xa07d</load_address>
         <run_address>0xa07d</run_address>
         <size>0xbf</size>
         <input_file_ref idref="fl-c2"/>
      </object_component>
      <object_component id="oc-334">
         <name>.debug_info</name>
         <load_address>0xa13c</load_address>
         <run_address>0xa13c</run_address>
         <size>0x374</size>
         <input_file_ref idref="fl-c3"/>
      </object_component>
      <object_component id="oc-2f6">
         <name>.debug_info</name>
         <load_address>0xa4b0</load_address>
         <run_address>0xa4b0</run_address>
         <size>0x20b</size>
         <input_file_ref idref="fl-c3"/>
      </object_component>
      <object_component id="oc-2cb">
         <name>.debug_info</name>
         <load_address>0xa6bb</load_address>
         <run_address>0xa6bb</run_address>
         <size>0x295</size>
         <input_file_ref idref="fl-c4"/>
      </object_component>
      <object_component id="oc-253">
         <name>.debug_info</name>
         <load_address>0xa950</load_address>
         <run_address>0xa950</run_address>
         <size>0x195</size>
         <input_file_ref idref="fl-c4"/>
      </object_component>
      <object_component id="oc-30f">
         <name>.debug_info</name>
         <load_address>0xaae5</load_address>
         <run_address>0xaae5</run_address>
         <size>0x39</size>
         <input_file_ref idref="fl-c4"/>
      </object_component>
      <object_component id="oc-2cc">
         <name>.debug_info</name>
         <load_address>0xab1e</load_address>
         <run_address>0xab1e</run_address>
         <size>0x2c</size>
         <input_file_ref idref="fl-c4"/>
      </object_component>
      <object_component id="oc-2d8">
         <name>.debug_info</name>
         <load_address>0xab4a</load_address>
         <run_address>0xab4a</run_address>
         <size>0x2f8</size>
         <input_file_ref idref="fl-c5"/>
      </object_component>
      <object_component id="oc-259">
         <name>.debug_info</name>
         <load_address>0xae42</load_address>
         <run_address>0xae42</run_address>
         <size>0x225</size>
         <input_file_ref idref="fl-c5"/>
      </object_component>
      <object_component id="oc-26d">
         <name>.debug_info</name>
         <load_address>0xb067</load_address>
         <run_address>0xb067</run_address>
         <size>0x28f</size>
         <input_file_ref idref="fl-c6"/>
      </object_component>
      <object_component id="oc-1b7">
         <name>.debug_info</name>
         <load_address>0xb2f6</load_address>
         <run_address>0xb2f6</run_address>
         <size>0x15a</size>
         <input_file_ref idref="fl-c6"/>
      </object_component>
      <object_component id="oc-2dd">
         <name>.debug_info</name>
         <load_address>0xb450</load_address>
         <run_address>0xb450</run_address>
         <size>0x46</size>
         <input_file_ref idref="fl-c6"/>
      </object_component>
      <object_component id="oc-268">
         <name>.debug_info</name>
         <load_address>0xb496</load_address>
         <run_address>0xb496</run_address>
         <size>0x39</size>
         <input_file_ref idref="fl-c6"/>
      </object_component>
      <object_component id="oc-235">
         <name>.debug_info</name>
         <load_address>0xb4cf</load_address>
         <run_address>0xb4cf</run_address>
         <size>0x14c</size>
         <input_file_ref idref="fl-c7"/>
      </object_component>
      <object_component id="oc-191">
         <name>.debug_info</name>
         <load_address>0xb61b</load_address>
         <run_address>0xb61b</run_address>
         <size>0x128</size>
         <input_file_ref idref="fl-c8"/>
      </object_component>
      <object_component id="oc-21e">
         <name>.debug_info</name>
         <load_address>0xb743</load_address>
         <run_address>0xb743</run_address>
         <size>0x12a</size>
         <input_file_ref idref="fl-c8"/>
      </object_component>
      <object_component id="oc-219">
         <name>.debug_info</name>
         <load_address>0xb86d</load_address>
         <run_address>0xb86d</run_address>
         <size>0x13a</size>
         <input_file_ref idref="fl-c9"/>
      </object_component>
      <object_component id="oc-215">
         <name>.debug_info</name>
         <load_address>0xb9a7</load_address>
         <run_address>0xb9a7</run_address>
         <size>0x13a</size>
         <input_file_ref idref="fl-ca"/>
      </object_component>
      <object_component id="oc-225">
         <name>.debug_info</name>
         <load_address>0xbae1</load_address>
         <run_address>0xbae1</run_address>
         <size>0x12e</size>
         <input_file_ref idref="fl-cb"/>
      </object_component>
      <object_component id="oc-230">
         <name>.debug_info</name>
         <load_address>0xbc0f</load_address>
         <run_address>0xbc0f</run_address>
         <size>0x12c</size>
         <input_file_ref idref="fl-cc"/>
      </object_component>
      <object_component id="oc-3d">
         <name>.debug_info</name>
         <load_address>0xbd3b</load_address>
         <run_address>0xbd3b</run_address>
         <size>0x119</size>
         <input_file_ref idref="fl-cd"/>
      </object_component>
      <object_component id="oc-20d">
         <name>.debug_info</name>
         <load_address>0xbe54</load_address>
         <run_address>0xbe54</run_address>
         <size>0x134</size>
         <input_file_ref idref="fl-ce"/>
      </object_component>
      <object_component id="oc-8f">
         <name>.debug_info</name>
         <load_address>0xbf88</load_address>
         <run_address>0xbf88</run_address>
         <size>0x147</size>
         <input_file_ref idref="fl-cf"/>
      </object_component>
      <object_component id="oc-8d">
         <name>.debug_info</name>
         <load_address>0xc0cf</load_address>
         <run_address>0xc0cf</run_address>
         <size>0x2d4</size>
         <input_file_ref idref="fl-d0"/>
      </object_component>
      <object_component id="oc-47">
         <name>.debug_info</name>
         <load_address>0xc3a3</load_address>
         <run_address>0xc3a3</run_address>
         <size>0x1d2</size>
         <input_file_ref idref="fl-d0"/>
      </object_component>
      <object_component id="oc-88">
         <name>.debug_info</name>
         <load_address>0xc575</load_address>
         <run_address>0xc575</run_address>
         <size>0x46</size>
         <input_file_ref idref="fl-d0"/>
      </object_component>
      <object_component id="oc-45">
         <name>.debug_info</name>
         <load_address>0xc5bb</load_address>
         <run_address>0xc5bb</run_address>
         <size>0x2a8</size>
         <input_file_ref idref="fl-d1"/>
      </object_component>
      <object_component id="oc-1e">
         <name>.debug_info</name>
         <load_address>0xc863</load_address>
         <run_address>0xc863</run_address>
         <size>0x1ea</size>
         <input_file_ref idref="fl-d1"/>
      </object_component>
      <object_component id="oc-40">
         <name>.debug_info</name>
         <load_address>0xca4d</load_address>
         <run_address>0xca4d</run_address>
         <size>0x46</size>
         <input_file_ref idref="fl-d1"/>
      </object_component>
      <object_component id="oc-80">
         <name>.debug_info</name>
         <load_address>0xca93</load_address>
         <run_address>0xca93</run_address>
         <size>0x2c</size>
         <input_file_ref idref="fl-d1"/>
      </object_component>
      <object_component id="oc-7e">
         <name>.debug_info</name>
         <load_address>0xcabf</load_address>
         <run_address>0xcabf</run_address>
         <size>0x29e</size>
         <input_file_ref idref="fl-d2"/>
      </object_component>
      <object_component id="oc-19">
         <name>.debug_info</name>
         <load_address>0xcd5d</load_address>
         <run_address>0xcd5d</run_address>
         <size>0x250</size>
         <input_file_ref idref="fl-d2"/>
      </object_component>
      <object_component id="oc-30">
         <name>.debug_info</name>
         <load_address>0xcfad</load_address>
         <run_address>0xcfad</run_address>
         <size>0x60</size>
         <input_file_ref idref="fl-d2"/>
      </object_component>
      <object_component id="oc-c6">
         <name>.debug_info</name>
         <load_address>0xd00d</load_address>
         <run_address>0xd00d</run_address>
         <size>0x46</size>
         <input_file_ref idref="fl-d2"/>
      </object_component>
      <object_component id="oc-79">
         <name>.debug_info</name>
         <load_address>0xd053</load_address>
         <run_address>0xd053</run_address>
         <size>0x39</size>
         <input_file_ref idref="fl-d2"/>
      </object_component>
      <object_component id="oc-164">
         <name>.debug_info</name>
         <load_address>0xd08c</load_address>
         <run_address>0xd08c</run_address>
         <size>0x3ad</size>
         <input_file_ref idref="fl-d3"/>
      </object_component>
      <object_component id="oc-161">
         <name>.debug_info</name>
         <load_address>0xd439</load_address>
         <run_address>0xd439</run_address>
         <size>0x190</size>
         <input_file_ref idref="fl-d3"/>
      </object_component>
      <object_component id="oc-e3">
         <name>.debug_info</name>
         <load_address>0xd5c9</load_address>
         <run_address>0xd5c9</run_address>
         <size>0x122</size>
         <input_file_ref idref="fl-d3"/>
      </object_component>
      <object_component id="oc-e8">
         <name>.debug_info</name>
         <load_address>0xd6eb</load_address>
         <run_address>0xd6eb</run_address>
         <size>0x184</size>
         <input_file_ref idref="fl-d3"/>
      </object_component>
      <object_component id="oc-1d3">
         <name>.debug_info</name>
         <load_address>0xd86f</load_address>
         <run_address>0xd86f</run_address>
         <size>0x2c9</size>
         <input_file_ref idref="fl-d4"/>
      </object_component>
      <object_component id="oc-134">
         <name>.debug_info</name>
         <load_address>0xdb38</load_address>
         <run_address>0xdb38</run_address>
         <size>0x11e</size>
         <input_file_ref idref="fl-d4"/>
      </object_component>
      <object_component id="oc-1cc">
         <name>.debug_info</name>
         <load_address>0xdc56</load_address>
         <run_address>0xdc56</run_address>
         <size>0x12e</size>
         <input_file_ref idref="fl-d4"/>
      </object_component>
      <object_component id="oc-2c3">
         <name>.debug_info</name>
         <load_address>0xdd84</load_address>
         <run_address>0xdd84</run_address>
         <size>0x29c</size>
         <input_file_ref idref="fl-d5"/>
      </object_component>
      <object_component id="oc-22a">
         <name>.debug_info</name>
         <load_address>0xe020</load_address>
         <run_address>0xe020</run_address>
         <size>0x1da</size>
         <input_file_ref idref="fl-d5"/>
      </object_component>
      <object_component id="oc-20b">
         <name>.debug_info</name>
         <load_address>0xe1fa</load_address>
         <run_address>0xe1fa</run_address>
         <size>0x2b9</size>
         <input_file_ref idref="fl-d6"/>
      </object_component>
      <object_component id="oc-187">
         <name>.debug_info</name>
         <load_address>0xe4b3</load_address>
         <run_address>0xe4b3</run_address>
         <size>0x17c</size>
         <input_file_ref idref="fl-d6"/>
      </object_component>
      <object_component id="oc-2b5">
         <name>.debug_info</name>
         <load_address>0xe62f</load_address>
         <run_address>0xe62f</run_address>
         <size>0xf9</size>
         <input_file_ref idref="fl-d7"/>
      </object_component>
      <object_component id="oc-208">
         <name>.debug_info</name>
         <load_address>0xe728</load_address>
         <run_address>0xe728</run_address>
         <size>0x105</size>
         <input_file_ref idref="fl-d7"/>
      </object_component>
      <object_component id="oc-1d7">
         <name>.debug_info</name>
         <load_address>0xe82d</load_address>
         <run_address>0xe82d</run_address>
         <size>0x144</size>
         <input_file_ref idref="fl-d8"/>
      </object_component>
      <object_component id="oc-137">
         <name>.debug_info</name>
         <load_address>0xe971</load_address>
         <run_address>0xe971</run_address>
         <size>0x102</size>
         <input_file_ref idref="fl-d8"/>
      </object_component>
      <object_component id="oc-371">
         <name>.debug_info</name>
         <load_address>0xea73</load_address>
         <run_address>0xea73</run_address>
         <size>0x18f</size>
         <input_file_ref idref="fl-d8"/>
      </object_component>
      <object_component id="oc-266">
         <name>.debug_info</name>
         <load_address>0xec02</load_address>
         <run_address>0xec02</run_address>
         <size>0x2a7</size>
         <input_file_ref idref="fl-d9"/>
      </object_component>
      <object_component id="oc-1ae">
         <name>.debug_info</name>
         <load_address>0xeea9</load_address>
         <run_address>0xeea9</run_address>
         <size>0x1b8</size>
         <input_file_ref idref="fl-d9"/>
      </object_component>
      <object_component id="oc-2fc">
         <name>.debug_info</name>
         <load_address>0xf061</load_address>
         <run_address>0xf061</run_address>
         <size>0x2a5</size>
         <input_file_ref idref="fl-da"/>
      </object_component>
      <object_component id="oc-290">
         <name>.debug_info</name>
         <load_address>0xf306</load_address>
         <run_address>0xf306</run_address>
         <size>0x25d</size>
         <input_file_ref idref="fl-da"/>
      </object_component>
      <object_component id="oc-75">
         <name>.debug_info</name>
         <load_address>0xf563</load_address>
         <run_address>0xf563</run_address>
         <size>0x3b2</size>
         <input_file_ref idref="fl-db"/>
      </object_component>
      <object_component id="oc-2a">
         <name>.debug_info</name>
         <load_address>0xf915</load_address>
         <run_address>0xf915</run_address>
         <size>0x10c</size>
         <input_file_ref idref="fl-db"/>
      </object_component>
      <object_component id="oc-3a7">
         <name>.debug_info</name>
         <load_address>0xfa21</load_address>
         <run_address>0xfa21</run_address>
         <size>0x13f</size>
         <input_file_ref idref="fl-db"/>
      </object_component>
      <object_component id="oc-328">
         <name>.debug_info</name>
         <load_address>0xfb60</load_address>
         <run_address>0xfb60</run_address>
         <size>0x168</size>
         <input_file_ref idref="fl-db"/>
      </object_component>
      <object_component id="oc-358">
         <name>.debug_info</name>
         <load_address>0xfcc8</load_address>
         <run_address>0xfcc8</run_address>
         <size>0x18e</size>
         <input_file_ref idref="fl-db"/>
      </object_component>
      <object_component id="oc-35d">
         <name>.debug_info</name>
         <load_address>0xfe56</load_address>
         <run_address>0xfe56</run_address>
         <size>0x19f</size>
         <input_file_ref idref="fl-db"/>
      </object_component>
      <object_component id="oc-322">
         <name>.debug_info</name>
         <load_address>0xfff5</load_address>
         <run_address>0xfff5</run_address>
         <size>0x203</size>
         <input_file_ref idref="fl-db"/>
      </object_component>
      <object_component id="oc-3ad">
         <name>.debug_info</name>
         <load_address>0x101f8</load_address>
         <run_address>0x101f8</run_address>
         <size>0x1db</size>
         <input_file_ref idref="fl-db"/>
      </object_component>
      <object_component id="oc-364">
         <name>.debug_info</name>
         <load_address>0x103d3</load_address>
         <run_address>0x103d3</run_address>
         <size>0x299</size>
         <input_file_ref idref="fl-db"/>
      </object_component>
      <object_component id="oc-c1">
         <name>.debug_info</name>
         <load_address>0x1066c</load_address>
         <run_address>0x1066c</run_address>
         <size>0xb2</size>
         <input_file_ref idref="fl-db"/>
      </object_component>
      <object_component id="oc-bc">
         <name>.debug_info</name>
         <load_address>0x1071e</load_address>
         <run_address>0x1071e</run_address>
         <size>0x2c</size>
         <input_file_ref idref="fl-db"/>
      </object_component>
      <object_component id="oc-2da">
         <name>.debug_info</name>
         <load_address>0x1074a</load_address>
         <run_address>0x1074a</run_address>
         <size>0x29a</size>
         <input_file_ref idref="fl-dc"/>
      </object_component>
      <object_component id="oc-261">
         <name>.debug_info</name>
         <load_address>0x109e4</load_address>
         <run_address>0x109e4</run_address>
         <size>0x262</size>
         <input_file_ref idref="fl-dc"/>
      </object_component>
      <object_component id="oc-206">
         <name>.debug_info</name>
         <load_address>0x10c46</load_address>
         <run_address>0x10c46</run_address>
         <size>0x28f</size>
         <input_file_ref idref="fl-dd"/>
      </object_component>
      <object_component id="oc-181">
         <name>.debug_info</name>
         <load_address>0x10ed5</load_address>
         <run_address>0x10ed5</run_address>
         <size>0x245</size>
         <input_file_ref idref="fl-dd"/>
      </object_component>
      <object_component id="oc-272">
         <name>.debug_info</name>
         <load_address>0x1111a</load_address>
         <run_address>0x1111a</run_address>
         <size>0x289</size>
         <input_file_ref idref="fl-de"/>
      </object_component>
      <object_component id="oc-26f">
         <name>.debug_info</name>
         <load_address>0x113a3</load_address>
         <run_address>0x113a3</run_address>
         <size>0x10e</size>
         <input_file_ref idref="fl-de"/>
      </object_component>
      <object_component id="oc-1bc">
         <name>.debug_info</name>
         <load_address>0x114b1</load_address>
         <run_address>0x114b1</run_address>
         <size>0x14e</size>
         <input_file_ref idref="fl-de"/>
      </object_component>
      <object_component id="oc-2d">
         <name>.debug_info</name>
         <load_address>0x115ff</load_address>
         <run_address>0x115ff</run_address>
         <size>0x10b</size>
         <input_file_ref idref="fl-df"/>
      </object_component>
      <object_component id="oc-5a">
         <name>.debug_info</name>
         <load_address>0x1170a</load_address>
         <run_address>0x1170a</run_address>
         <size>0x1a9</size>
         <input_file_ref idref="fl-df"/>
      </object_component>
      <object_component id="oc-303">
         <name>.debug_info</name>
         <load_address>0x118b3</load_address>
         <run_address>0x118b3</run_address>
         <size>0x397</size>
         <input_file_ref idref="fl-e0"/>
      </object_component>
      <object_component id="oc-29f">
         <name>.debug_info</name>
         <load_address>0x11c4a</load_address>
         <run_address>0x11c4a</run_address>
         <size>0x18f</size>
         <input_file_ref idref="fl-e0"/>
      </object_component>
      <object_component id="oc-348">
         <name>.debug_info</name>
         <load_address>0x11dd9</load_address>
         <run_address>0x11dd9</run_address>
         <size>0x120</size>
         <input_file_ref idref="fl-e0"/>
      </object_component>
      <object_component id="oc-34d">
         <name>.debug_info</name>
         <load_address>0x11ef9</load_address>
         <run_address>0x11ef9</run_address>
         <size>0x2c</size>
         <input_file_ref idref="fl-e0"/>
      </object_component>
      <object_component id="oc-345">
         <name>.debug_info</name>
         <load_address>0x11f25</load_address>
         <run_address>0x11f25</run_address>
         <size>0x337</size>
         <input_file_ref idref="fl-e1"/>
      </object_component>
      <object_component id="oc-341">
         <name>.debug_info</name>
         <load_address>0x1225c</load_address>
         <run_address>0x1225c</run_address>
         <size>0x109</size>
         <input_file_ref idref="fl-e1"/>
      </object_component>
      <object_component id="oc-300">
         <name>.debug_info</name>
         <load_address>0x12365</load_address>
         <run_address>0x12365</run_address>
         <size>0x109</size>
         <input_file_ref idref="fl-e1"/>
      </object_component>
      <object_component id="oc-2fe">
         <name>.debug_info</name>
         <load_address>0x1246e</load_address>
         <run_address>0x1246e</run_address>
         <size>0x347</size>
         <input_file_ref idref="fl-e2"/>
      </object_component>
      <object_component id="oc-296">
         <name>.debug_info</name>
         <load_address>0x127b5</load_address>
         <run_address>0x127b5</run_address>
         <size>0x18a</size>
         <input_file_ref idref="fl-e2"/>
      </object_component>
      <object_component id="oc-32e">
         <name>.debug_info</name>
         <load_address>0x1293f</load_address>
         <run_address>0x1293f</run_address>
         <size>0x176</size>
         <input_file_ref idref="fl-e3"/>
      </object_component>
      <object_component id="oc-320">
         <name>.debug_info</name>
         <load_address>0x12ab5</load_address>
         <run_address>0x12ab5</run_address>
         <size>0x324</size>
         <input_file_ref idref="fl-e4"/>
      </object_component>
      <object_component id="oc-2f1">
         <name>.debug_info</name>
         <load_address>0x12dd9</load_address>
         <run_address>0x12dd9</run_address>
         <size>0x1ec</size>
         <input_file_ref idref="fl-e4"/>
      </object_component>
      <object_component id="oc-2d4">
         <name>.debug_info</name>
         <load_address>0x12fc5</load_address>
         <run_address>0x12fc5</run_address>
         <size>0x161</size>
         <input_file_ref idref="fl-e5"/>
      </object_component>
      <object_component id="oc-2ba">
         <name>.debug_info</name>
         <load_address>0x13126</load_address>
         <run_address>0x13126</run_address>
         <size>0x115</size>
         <input_file_ref idref="fl-e6"/>
      </object_component>
      <object_component id="oc-167">
         <name>.debug_info</name>
         <load_address>0x1323b</load_address>
         <run_address>0x1323b</run_address>
         <size>0x4b3</size>
         <input_file_ref idref="fl-e7"/>
      </object_component>
      <object_component id="oc-ef">
         <name>.debug_info</name>
         <load_address>0x136ee</load_address>
         <run_address>0x136ee</run_address>
         <size>0x1a6</size>
         <input_file_ref idref="fl-e7"/>
      </object_component>
      <object_component id="oc-1f4">
         <name>.debug_info</name>
         <load_address>0x13894</load_address>
         <run_address>0x13894</run_address>
         <size>0x39</size>
         <input_file_ref idref="fl-e7"/>
      </object_component>
      <object_component id="oc-2a5">
         <name>.debug_info</name>
         <load_address>0x138cd</load_address>
         <run_address>0x138cd</run_address>
         <size>0x39</size>
         <input_file_ref idref="fl-e7"/>
      </object_component>
      <object_component id="oc-1f9">
         <name>.debug_info</name>
         <load_address>0x13906</load_address>
         <run_address>0x13906</run_address>
         <size>0x39</size>
         <input_file_ref idref="fl-e7"/>
      </object_component>
      <object_component id="oc-1fe">
         <name>.debug_info</name>
         <load_address>0x1393f</load_address>
         <run_address>0x1393f</run_address>
         <size>0xcd</size>
         <input_file_ref idref="fl-e7"/>
      </object_component>
      <object_component id="oc-95">
         <name>.debug_info</name>
         <load_address>0x13a0c</load_address>
         <run_address>0x13a0c</run_address>
         <size>0x153</size>
         <input_file_ref idref="fl-e8"/>
      </object_component>
      <object_component id="oc-3d4">
         <name>.debug_info</name>
         <load_address>0x13b5f</load_address>
         <run_address>0x13b5f</run_address>
         <size>0x373</size>
         <input_file_ref idref="fl-eb"/>
      </object_component>
      <object_component id="oc-37e">
         <name>.debug_info</name>
         <load_address>0x13ed2</load_address>
         <run_address>0x13ed2</run_address>
         <size>0x1bc</size>
         <input_file_ref idref="fl-eb"/>
      </object_component>
      <object_component id="oc-3da">
         <name>.debug_info</name>
         <load_address>0x1408e</load_address>
         <run_address>0x1408e</run_address>
         <size>0x378</size>
         <input_file_ref idref="fl-ec"/>
      </object_component>
      <object_component id="oc-391">
         <name>.debug_info</name>
         <load_address>0x14406</load_address>
         <run_address>0x14406</run_address>
         <size>0x210</size>
         <input_file_ref idref="fl-ec"/>
      </object_component>
      <object_component id="oc-3d0">
         <name>.debug_info</name>
[...]
      <symbol id="sm-33d">
         <name>wcslen</name>
         <value>0x2f05</value>
         <object_component_ref idref="oc-1b3"/>
      </symbol>
      <symbol id="sm-354">
         <name>__aeabi_dsub</name>
         <value>0x12a9</value>
         <object_component_ref idref="oc-232"/>
      </symbol>
      <symbol id="sm-355">
         <name>__aeabi_dadd</name>
         <value>0x12b3</value>
         <object_component_ref idref="oc-232"/>
      </symbol>
      <symbol id="sm-377">
         <name>__aeabi_cdcmpeq</name>
         <value>0x2185</value>
         <object_component_ref idref="oc-190"/>
      </symbol>
      <symbol id="sm-378">
         <name>__aeabi_cdcmple</name>
         <value>0x2185</value>
         <object_component_ref idref="oc-190"/>
      </symbol>
      <symbol id="sm-379">
         <name>__aeabi_cdrcmple</name>
         <value>0x220b</value>
         <object_component_ref idref="oc-21d"/>
      </symbol>
      <symbol id="sm-38d">
         <name>__aeabi_ddiv</name>
         <value>0x16d9</value>
         <object_component_ref idref="oc-218"/>
      </symbol>
      <symbol id="sm-398">
         <name>__aeabi_dmul</name>
         <value>0x1c59</value>
         <object_component_ref idref="oc-213"/>
      </symbol>
      <symbol id="sm-3a2">
         <name>__aeabi_d2iz</name>
         <value>0x2a79</value>
         <object_component_ref idref="oc-222"/>
      </symbol>
      <symbol id="sm-3ac">
         <name>__aeabi_i2d</name>
         <value>0x2d4d</value>
         <object_component_ref idref="oc-22d"/>
      </symbol>
      <symbol id="sm-3c7">
         <name>memcpy</name>
         <value>0x1fc7</value>
         <object_component_ref idref="oc-3a"/>
      </symbol>
      <symbol id="sm-3c8">
         <name>__aeabi_memcpy</name>
         <value>0x1fc7</value>
         <object_component_ref idref="oc-3a"/>
      </symbol>
      <symbol id="sm-3c9">
         <name>__aeabi_memcpy8</name>
         <value>0x1fc7</value>
         <object_component_ref idref="oc-3a"/>
      </symbol>
      <symbol id="sm-3ca">
         <name>__aeabi_memcpy4</name>
         <value>0x1fc7</value>
         <object_component_ref idref="oc-3a"/>
      </symbol>
      <symbol id="sm-3d7">
         <name>__aeabi_uldivmod</name>
         <value>0x2063</value>
         <object_component_ref idref="oc-20c"/>
      </symbol>
      <symbol id="sm-3e6">
         <name>__aeabi_memset</name>
         <value>0x2293</value>
         <object_component_ref idref="oc-8e"/>
      </symbol>
      <symbol id="sm-3e7">
         <name>memset</name>
         <value>0x2299</value>
         <object_component_ref idref="oc-8e"/>
      </symbol>
      <symbol id="sm-3e8">
         <name>__aeabi_memset8</name>
         <value>0x2293</value>
         <object_component_ref idref="oc-8e"/>
      </symbol>
      <symbol id="sm-3e9">
         <name>__aeabi_memset4</name>
         <value>0x2293</value>
         <object_component_ref idref="oc-8e"/>
      </symbol>
      <symbol id="sm-3ea">
         <name>__aeabi_memclr8</name>
         <value>0x2291</value>
         <object_component_ref idref="oc-8e"/>
      </symbol>
      <symbol id="sm-3eb">
         <name>__aeabi_memclr4</name>
         <value>0x2291</value>
         <object_component_ref idref="oc-8e"/>
      </symbol>
      <symbol id="sm-3ec">
         <name>__aeabi_memclr</name>
         <value>0x2291</value>
         <object_component_ref idref="oc-8e"/>
      </symbol>
      <symbol id="sm-400">
         <name>__TI_zero_init_nomemset</name>
         <value>0x2e41</value>
         <object_component_ref idref="oc-46"/>
      </symbol>
      <symbol id="sm-417">
         <name>__TI_decompress_none</name>
         <value>0x2f17</value>
         <object_component_ref idref="oc-1d"/>
      </symbol>
      <symbol id="sm-43a">
         <name>__TI_decompress_lzss</name>
         <value>0x2535</value>
         <object_component_ref idref="oc-17"/>
      </symbol>
      <symbol id="sm-460">
         <name>C$$EXIT</name>
         <value>0x2f51</value>
         <object_component_ref idref="oc-e1"/>
      </symbol>
      <symbol id="sm-461">
         <name>abort</name>
         <value>0x2f51</value>
         <object_component_ref idref="oc-e1"/>
      </symbol>
      <symbol id="sm-462">
         <name>__TI_dtors_ptr</name>
         <value>0x200005cc</value>
         <object_component_ref idref="oc-160"/>
      </symbol>
      <symbol id="sm-463">
         <name>__TI_cleanup_ptr</name>
         <value>0x200005c8</value>
         <object_component_ref idref="oc-160"/>
      </symbol>
      <symbol id="sm-464">
         <name>__TI_enable_exit_profile_output</name>
         <value>0x200005d0</value>
         <object_component_ref idref="oc-160"/>
      </symbol>
      <symbol id="sm-465">
         <name>exit</name>
         <value>0x2a31</value>
         <object_component_ref idref="oc-e7"/>
      </symbol>
      <symbol id="sm-47a">
         <name>_nop</name>
         <value>0xb33</value>
         <object_component_ref idref="oc-1cb"/>
      </symbol>
      <symbol id="sm-47b">
         <name>_lock</name>
         <value>0x200005d4</value>
         <object_component_ref idref="oc-133"/>
      </symbol>
      <symbol id="sm-47c">
         <name>_unlock</name>
         <value>0x200005d8</value>
         <object_component_ref idref="oc-133"/>
      </symbol>
      <symbol id="sm-48b">
         <name>__TI_ltoa</name>
         <value>0x28f3</value>
         <object_component_ref idref="oc-227"/>
      </symbol>
      <symbol id="sm-4a1">
         <name>atoi</name>
         <value>0x29e5</value>
         <object_component_ref idref="oc-184"/>
      </symbol>
      <symbol id="sm-4ac">
         <name>_ctypes_</name>
         <value>0x2f54</value>
         <object_component_ref idref="oc-207"/>
      </symbol>
      <symbol id="sm-4c1">
         <name>__TI_tmpnams</name>
         <value>0x2000070c</value>
      </symbol>
      <symbol id="sm-4c2">
         <name>__aeabi_stdout</name>
         <value>0x200005c0</value>
         <object_component_ref idref="oc-370"/>
      </symbol>
      <symbol id="sm-4c3">
         <name>__aeabi_stderr</name>
         <value>0x200005c4</value>
         <object_component_ref idref="oc-370"/>
      </symbol>
      <symbol id="sm-4c4">
         <name>__aeabi_stdin</name>
         <value>0x200005bc</value>
         <object_component_ref idref="oc-370"/>
      </symbol>
      <symbol id="sm-4c5">
         <name>_ftable</name>
         <value>0x20000400</value>
         <object_component_ref idref="oc-136"/>
      </symbol>
      <symbol id="sm-4c6">
         <name>__TI_ft_end</name>
         <value>0x200005b8</value>
         <object_component_ref idref="oc-370"/>
      </symbol>
      <symbol id="sm-4d6">
         <name>memccpy</name>
         <value>0x2e79</value>
         <object_component_ref idref="oc-1ad"/>
      </symbol>
      <symbol id="sm-4e6">
         <name>memchr</name>
         <value>0x2e21</value>
         <object_component_ref idref="oc-28f"/>
      </symbol>
      <symbol id="sm-56f">
         <name>_sys_memory</name>
         <value>0x20000000</value>
         <object_component_ref idref="oc-29"/>
      </symbol>
      <symbol id="sm-570">
         <name>free</name>
         <value>0x1d55</value>
         <object_component_ref idref="oc-321"/>
      </symbol>
      <symbol id="sm-571">
         <name>memalign</name>
         <value>0x1b59</value>
         <object_component_ref idref="oc-363"/>
      </symbol>
      <symbol id="sm-572">
         <name>malloc</name>
         <value>0x2f3d</value>
         <object_component_ref idref="oc-327"/>
      </symbol>
      <symbol id="sm-573">
         <name>aligned_alloc</name>
         <value>0x1b59</value>
         <object_component_ref idref="oc-363"/>
      </symbol>
      <symbol id="sm-583">
         <name>strchr</name>
         <value>0x2ec7</value>
         <object_component_ref idref="oc-25e"/>
      </symbol>
      <symbol id="sm-591">
         <name>strlen</name>
         <value>0x2ef1</value>
         <object_component_ref idref="oc-17e"/>
      </symbol>
      <symbol id="sm-5a7">
         <name>__aeabi_errno_addr</name>
         <value>0x2f35</value>
         <object_component_ref idref="oc-1b9"/>
      </symbol>
      <symbol id="sm-5a8">
         <name>errno</name>
         <value>0x200005e4</value>
         <object_component_ref idref="oc-26e"/>
      </symbol>
      <symbol id="sm-5bb">
         <name>__stack</name>
         <value>0x2000fe00</value>
         <object_component_ref idref="oc-2c"/>
      </symbol>
      <symbol id="sm-5bc">
         <name>_c_int00_noargs</name>
         <value>0x2ce9</value>
         <object_component_ref idref="oc-58"/>
      </symbol>
      <symbol id="sm-5d6">
         <name>write</name>
         <value>0x2df9</value>
         <object_component_ref idref="oc-29b"/>
      </symbol>
      <symbol id="sm-5e7">
         <name>_stream</name>
         <value>0x20000568</value>
         <object_component_ref idref="oc-2ff"/>
      </symbol>
      <symbol id="sm-5e8">
         <name>_device</name>
         <value>0x200004f0</value>
         <object_component_ref idref="oc-340"/>
      </symbol>
      <symbol id="sm-5f8">
         <name>__TI_doflush</name>
         <value>0x2999</value>
         <object_component_ref idref="oc-295"/>
      </symbol>
      <symbol id="sm-608">
         <name>__TI_cleanup</name>
         <value>0x2c81</value>
         <object_component_ref idref="oc-32d"/>
      </symbol>
      <symbol id="sm-61a">
         <name>fseek</name>
         <value>0x2669</value>
         <object_component_ref idref="oc-2ed"/>
      </symbol>
      <symbol id="sm-624">
         <name>copysign</name>
         <value>0x2e95</value>
         <object_component_ref idref="oc-2d1"/>
      </symbol>
      <symbol id="sm-625">
         <name>copysignl</name>
         <value>0x2e95</value>
         <object_component_ref idref="oc-2d1"/>
      </symbol>
      <symbol id="sm-62f">
         <name>__aeabi_idiv0</name>
         <value>0x145f</value>
         <object_component_ref idref="oc-2b8"/>
      </symbol>
      <symbol id="sm-630">
         <name>__aeabi_ldiv0</name>
         <value>0x145f</value>
         <object_component_ref idref="oc-2b8"/>
      </symbol>
      <symbol id="sm-658">
         <name>__TI_auto_init_nobinit_nopinit</name>
         <value>0x2b49</value>
         <object_component_ref idref="oc-ed"/>
      </symbol>
      <symbol id="sm-662">
         <name>_system_pre_init</name>
         <value>0x2f4d</value>
         <object_component_ref idref="oc-94"/>
      </symbol>
      <symbol id="sm-675">
         <name>HOSTclose</name>
         <value>0x2ac1</value>
         <object_component_ref idref="oc-37c"/>
      </symbol>
      <symbol id="sm-686">
         <name>HOSTlseek</name>
         <value>0x24cd</value>
         <object_component_ref idref="oc-38e"/>
      </symbol>
      <symbol id="sm-698">
         <name>parmbuf</name>
         <value>0x200007ac</value>
      </symbol>
      <symbol id="sm-699">
         <name>HOSTopen</name>
         <value>0x2731</value>
         <object_component_ref idref="oc-376"/>
      </symbol>
      <symbol id="sm-6aa">
         <name>HOSTread</name>
         <value>0x27ed</value>
         <object_component_ref idref="oc-382"/>
      </symbol>
      <symbol id="sm-6bb">
         <name>HOSTrename</name>
         <value>0x2461</value>
         <object_component_ref idref="oc-39a"/>
      </symbol>
      <symbol id="sm-6cc">
         <name>HOSTunlink</name>
         <value>0x2b05</value>
         <object_component_ref idref="oc-394"/>
      </symbol>
      <symbol id="sm-6dd">
         <name>HOSTwrite</name>
         <value>0x2845</value>
         <object_component_ref idref="oc-388"/>
      </symbol>
      <symbol id="sm-701">
         <name>__TI_readmsg</name>
         <value>0x2cb5</value>
         <object_component_ref idref="oc-3c9"/>
      </symbol>
      <symbol id="sm-702">
         <name>C$$IO$$</name>
         <value>0x2c3f</value>
         <object_component_ref idref="oc-3c3"/>
      </symbol>
      <symbol id="sm-703">
         <name>__CIOBUF_</name>
         <value>0x200005ec</value>
         <object_component_ref idref="oc-3f4"/>
      </symbol>
      <symbol id="sm-704">
         <name>__TI_writemsg</name>
         <value>0x2c11</value>
         <object_component_ref idref="oc-3c3"/>
      </symbol>
      <symbol id="sm-715">
         <name>lseek</name>
         <value>0x2dd1</value>
         <object_component_ref idref="oc-319"/>
      </symbol>
      <symbol id="sm-72a">
         <name>__TI_closefile</name>
         <value>0x230d</value>
         <object_component_ref idref="oc-36a"/>
      </symbol>
      <symbol id="sm-74d">
         <name>finddevice</name>
         <value>0x2d1d</value>
         <object_component_ref idref="oc-412"/>
      </symbol>
      <symbol id="sm-74e">
         <name>getdevice</name>
         <value>0x2b8d</value>
         <object_component_ref idref="oc-3ea"/>
      </symbol>
      <symbol id="sm-75d">
         <name>strcmp</name>
         <value>0x2eaf</value>
         <object_component_ref idref="oc-429"/>
      </symbol>
      <symbol id="sm-76b">
         <name>strcpy</name>
         <value>0x2edd</value>
         <object_component_ref idref="oc-3dd"/>
      </symbol>
      <symbol id="sm-77b">
         <name>strncpy</name>
         <value>0x2c49</value>
         <object_component_ref idref="oc-40c"/>
      </symbol>
      <symbol id="sm-790">
         <name>close</name>
         <value>0x2791</value>
         <object_component_ref idref="oc-3b2"/>
      </symbol>
      <symbol id="sm-7a0">
         <name>unlink</name>
         <value>0x2d7d</value>
         <object_component_ref idref="oc-3b8"/>
      </symbol>
      <symbol id="sm-7a1">
         <name>__TI_static_base__</name>
         <value>0x0</value>
      </symbol>
      <symbol id="sm-7a4">
         <name>__mpu_init</name>
         <value>0x0</value>
      </symbol>
      <symbol id="sm-7a5">
         <name>_system_post_cinit</name>
         <value>0x0</value>
      </symbol>
      <symbol id="sm-7a6">
         <name>NMI_Handler</name>
         <value>0x2f31</value>
      </symbol>
      <symbol id="sm-7a7">
         <name>HardFault_Handler</name>
         <value>0x2f31</value>
      </symbol>
      <symbol id="sm-7a8">
         <name>MemManage_Handler</name>
         <value>0x2f31</value>
      </symbol>
      <symbol id="sm-7a9">
         <name>BusFault_Handler</name>
         <value>0x2f31</value>
      </symbol>
      <symbol id="sm-7aa">
         <name>UsageFault_Handler</name>
         <value>0x2f31</value>
      </symbol>
      <symbol id="sm-7ab">
         <name>SVC_Handler</name>
         <value>0x2f31</value>
      </symbol>
      <symbol id="sm-7ac">
         <name>DebugMon_Handler</name>
         <value>0x2f31</value>
      </symbol>
      <symbol id="sm-7ad">
         <name>PendSV_Handler</name>
         <value>0x2f31</value>
      </symbol>
      <symbol id="sm-7ae">
         <name>SysTick_Handler</name>
         <value>0x2f31</value>
      </symbol>
      <symbol id="sm-7af">
         <name>PSS_IRQHandler</name>
         <value>0x2f31</value>
      </symbol>
      <symbol id="sm-7b0">
         <name>CS_IRQHandler</name>
         <value>0x2f31</value>
      </symbol>
      <symbol id="sm-7b1">
         <name>PCM_IRQHandler</name>
         <value>0x2f31</value>
      </symbol>
      <symbol id="sm-7b2">
         <name>WDT_A_IRQHandler</name>
         <value>0x2f31</value>
      </symbol>
      <symbol id="sm-7b3">
         <name>FPU_IRQHandler</name>
         <value>0x2f31</value>
      </symbol>
      <symbol id="sm-7b4">
         <name>FLCTL_IRQHandler</name>
         <value>0x2f31</value>
      </symbol>
      <symbol id="sm-7b5">
         <name>COMP_E0_IRQHandler</name>
         <value>0x2f31</value>
      </symbol>
      <symbol id="sm-7b6">
         <name>COMP_E1_IRQHandler</name>
         <value>0x2f31</value>
      </symbol>
      <symbol id="sm-7b7">
         <name>TA0_0_IRQHandler</name>
         <value>0x2f31</value>
      </symbol>
      <symbol id="sm-7b8">
         <name>TA0_N_IRQHandler</name>
         <value>0x2f31</value>
      </symbol>
      <symbol id="sm-7b9">
         <name>TA1_0_IRQHandler</name>
         <value>0x2f31</value>
      </symbol>
      <symbol id="sm-7ba">
         <name>TA1_N_IRQHandler</name>
         <value>0x2f31</value>
      </symbol>
      <symbol id="sm-7bb">
         <name>TA2_0_IRQHandler</name>
         <value>0x2f31</value>
      </symbol>
      <symbol id="sm-7bc">
         <name>TA2_N_IRQHandler</name>
         <value>0x2f31</value>
      </symbol>
      <symbol id="sm-7bd">
         <name>TA3_0_IRQHandler</name>
         <value>0x2f31</value>
      </symbol>
      <symbol id="sm-7be">
         <name>TA3_N_IRQHandler</name>
         <value>0x2f31</value>
      </symbol>
      <symbol id="sm-7bf">
         <name>EUSCIA0_IRQHandler</name>
         <value>0x2f31</value>
      </symbol>
      <symbol id="sm-7c0">
         <name>EUSCIA1_IRQHandler</name>
         <value>0x2f31</value>
      </symbol>
      <symbol id="sm-7c1">
         <name>EUSCIA2_IRQHandler</name>
         <value>0x2f31</value>
      </symbol>
      <symbol id="sm-7c2">
         <name>EUSCIA3_IRQHandler</name>
         <value>0x2f31</value>
      </symbol>
      <symbol id="sm-7c3">
         <name>EUSCIB0_IRQHandler</name>
         <value>0x2f31</value>
      </symbol>
      <symbol id="sm-7c4">
         <name>EUSCIB1_IRQHandler</name>
         <value>0x2f31</value>
      </symbol>
      <symbol id="sm-7c5">
         <name>EUSCIB2_IRQHandler</name>
         <value>0x2f31</value>
      </symbol>
      <symbol id="sm-7c6">
         <name>EUSCIB3_IRQHandler</name>
         <value>0x2f31</value>
      </symbol>
      <symbol id="sm-7c7">
         <name>ADC14_IRQHandler</name>
         <value>0x2f31</value>
      </symbol>
      <symbol id="sm-7c8">
         <name>T32_INT1_IRQHandler</name>
         <value>0x2f31</value>
      </symbol>
      <symbol id="sm-7c9">
         <name>T32_INT2_IRQHandler</name>
         <value>0x2f31</value>
      </symbol>
      <symbol id="sm-7ca">
         <name>T32_INTC_IRQHandler</name>
         <value>0x2f31</value>
      </symbol>
      <symbol id="sm-7cb">
         <name>AES256_IRQHandler</name>
         <value>0x2f31</value>
      </symbol>
      <symbol id="sm-7cc">
         <name>RTC_C_IRQHandler</name>
         <value>0x2f31</value>
      </symbol>
      <symbol id="sm-7cd">
         <name>DMA_ERR_IRQHandler</name>
         <value>0x2f31</value>
      </symbol>
      <symbol id="sm-7ce">
         <name>DMA_INT3_IRQHandler</name>
         <value>0x2f31</value>
      </symbol>
      <symbol id="sm-7cf">
         <name>DMA_INT2_IRQHandler</name>
         <value>0x2f31</value>
      </symbol>
      <symbol id="sm-7d0">
         <name>DMA_INT1_IRQHandler</name>
         <value>0x2f31</value>
      </symbol>
      <symbol id="sm-7d1">
         <name>DMA_INT0_IRQHandler</name>
         <value>0x2f31</value>
      </symbol>
      <symbol id="sm-7d2">
         <name>PORT1_IRQHandler</name>
         <value>0x2f31</value>
      </symbol>
      <symbol id="sm-7d3">
         <name>PORT2_IRQHandler</name>
         <value>0x2f31</value>
      </symbol>
      <symbol id="sm-7d4">
         <name>PORT3_IRQHandler</name>
         <value>0x2f31</value>
      </symbol>
      <symbol id="sm-7d5">
         <name>PORT4_IRQHandler</name>
         <value>0x2f31</value>
      </symbol>
      <symbol id="sm-7d6">
         <name>PORT5_IRQHandler</name>
         <value>0x2f31</value>
      </symbol>
      <symbol id="sm-7d7">
         <name>PORT6_IRQHandler</name>
         <value>0x2f31</value>
      </symbol>
      <symbol id="sm-7d8">
         <name>remove</name>
         <value>0x2d7d</value>
      </symbol>
   </symbol_table>
   <title>Link successful</title>
</link_info>
