******************************************************************************
                  TI ARM Linker PC v20.2.5                     
******************************************************************************
>> Linked Wed Apr 27 08:50:18 2022

OUTPUT FILE NAME:   <uarttest.out>
ENTRY POINT SYMBOL: "_c_int00_noargs"  address: 00002ce9


MEMORY CONFIGURATION

         name            origin    length      used     unused   attr    fill
----------------------  --------  ---------  --------  --------  ----  --------
  MAIN                  00000000   00040000  00003123  0003cedd  R  X
  INFO                  00200000   00004000  00000000  00004000  R  X
  SRAM_CODE             01000000   00010000  000009b4  0000f64c  RW X
  SRAM_DATA             20000000   00010000  000009b4  0000f64c  RW  


SEGMENT ALLOCATION MAP

run origin  load origin   length   init length attrs members
----------  ----------- ---------- ----------- ----- -------
00000000    00000000    00003128   00003128    r-x
  00000000    00000000    000000e4   000000e4    r-- .intvecs
  000000e4    000000e4    00002e70   00002e70    r-x .text
  00002f54    00002f54    0000013f   0000013f    r-- .const
  00003098    00003098    00000090   00000090    r-- .cinit
20000000    20000000    000007b4   00000000    rw-
  20000000    20000000    00000400   00000000    rw- .sysmem
  20000400    20000400    000001ec   00000000    rw- .data
  200005ec    200005ec    000001c8   00000000    rw- .bss
2000fe00    2000fe00    00000200   00000000    rw-
  2000fe00    2000fe00    00000200   00000000    rw- .stack


SECTION ALLOCATION MAP

 output                                  attributes/
section   page    origin      length       input sections
--------  ----  ----------  ----------   ----------------
.intvecs   0    00000000    000000e4     
                  00000000    000000e4     startup_msp432p401r_ccs.obj (.intvecs:retain)

.text      0    000000e4    00002e70     
                  000000e4    00000a4e     rtsv7M4_T_le_v4SPD16_eabi.lib : _printfi.c.obj (.text:__TI_printfi)
                  00000b32    00000002                                   : _lock.c.obj (.text:_nop)
                  00000b34    00000334     system_msp432p401r.obj (.text)
                  00000e68    00000270     rtsv7M4_T_le_v4SPD16_eabi.lib : _printfi.c.obj (.text:_pconv_a)
                  000010d8    000001d0                                   : _printfi.c.obj (.text:_pconv_g)
                  000012a8    000001b6                                   : fd_add_t2.asm.obj (.text)
                  0000145e    00000002                                   : div0.asm.obj (.text)
                  00001460    0000013c                                   : _printfi.c.obj (.text:_pconv_e)
                  0000159c    0000013c     main.obj (.text)
                  000016d8    00000136     rtsv7M4_T_le_v4SPD16_eabi.lib : fd_div_t2.asm.obj (.text)
                  0000180e    00000002     --HOLE-- [fill = 0]
                  00001810    00000124                                   : _printfi.c.obj (.text:fcvt)
                  00001934    00000114                                   : fputs.c.obj (.text:fputs)
                  00001a48    00000110                                   : s_scalbn.c.obj (.text:scalbn)
                  00001b58    00000100                                   : memory.c.obj (.text:aligned_alloc)
                  00001c58    000000fc                                   : fd_mul_t2.asm.obj (.text)
                  00001d54    000000e4                                   : memory.c.obj (.text:free)
                  00001e38    000000dc                                   : setvbuf.c.obj (.text:setvbuf)
                  00001f14    000000b1                                   : _printfi.c.obj (.text:_ltostr)
                  00001fc5    00000001     --HOLE-- [fill = 0]
                  00001fc6    0000009c                                   : memcpy_t2.asm.obj (.text)
                  00002062    00000096                                   : ull_div_t2.asm.obj (.text)
                  000020f8    0000008c                                   : fputc.c.obj (.text:fputc)
                  00002184    00000086                                   : fd_cmp_t2.asm.obj (.text:__aeabi_cdcmple)
                  0000220a    00000086                                   : fd_cmp_t2.asm.obj (.text:__aeabi_cdrcmple)
                  00002290    0000007a                                   : memset_t2.asm.obj (.text)
                  0000230a    00000002     --HOLE-- [fill = 0]
                  0000230c    00000074                                   : fclose.c.obj (.text:__TI_closefile)
                  00002380    00000070                                   : memory.c.obj (.text:split)
                  000023f0    0000006e                                   : _printfi.c.obj (.text:_mcpy)
                  0000245e    00000002     --HOLE-- [fill = 0]
                  00002460    0000006c                                   : hostrename.c.obj (.text:HOSTrename)
                  000024cc    00000068                                   : hostlseek.c.obj (.text:HOSTlseek)
                  00002534    00000068                                   : copy_decompress_lzss.c.obj (.text:decompress:lzss:__TI_decompress_lzss)
                  0000259c    00000068                                   : printf.c.obj (.text:printf)
                  00002604    00000064                                   : s_frexp.c.obj (.text:frexp)
                  00002668    00000064                                   : fseek.c.obj (.text:fseek)
                  000026cc    00000062                                   : _io_perm.c.obj (.text:__TI_wrt_ok)
                  0000272e    00000002     --HOLE-- [fill = 0]
                  00002730    00000060                                   : hostopen.c.obj (.text:HOSTopen)
                  00002790    0000005c                                   : close.c.obj (.text:close)
                  000027ec    00000058                                   : hostread.c.obj (.text:HOSTread)
                  00002844    00000058                                   : hostwrite.c.obj (.text:HOSTwrite)
                  0000289c    00000056                                   : _printfi.c.obj (.text:_pconv_f)
                  000028f2    00000054                                   : _ltoa.c.obj (.text:__TI_ltoa)
                  00002946    00000052                                   : _printfi.c.obj (.text:_ecpy)
                  00002998    0000004c                                   : fflush.c.obj (.text:__TI_doflush)
                  000029e4    0000004c                                   : atoi.c.obj (.text:atoi)
                  00002a30    00000048                                   : exit.c.obj (.text:exit)
                  00002a78    00000048                                   : fd_toi_t2.asm.obj (.text)
                  00002ac0    00000044                                   : hostclose.c.obj (.text:HOSTclose)
                  00002b04    00000044                                   : hostunlink.c.obj (.text:HOSTunlink)
                  00002b48    00000044                                   : autoinit.c.obj (.text:__TI_auto_init_nobinit_nopinit:__TI_auto_init_nobinit_nopinit)
                  00002b8c    00000044                                   : getdevice.c.obj (.text:getdevice)
                  00002bd0    0000003e                                   : _printfi.c.obj (.text:_fcpy)
                  00002c0e    00000002     --HOLE-- [fill = 0]
                  00002c10    00000038                                   : trgmsg.c.obj (.text:__TI_writemsg)
                  00002c48    00000036                                   : strncpy.c.obj (.text:strncpy)
                  00002c7e    00000002     --HOLE-- [fill = 0]
                  00002c80    00000034                                   : fopen.c.obj (.text:__TI_cleanup)
                  00002cb4    00000034                                   : trgmsg.c.obj (.text:__TI_readmsg)
                  00002ce8    00000034                                   : boot_cortex_m.c.obj (.text:_c_int00_noargs:_c_int00_noargs)
                  00002d1c    00000030                                   : getdevice.c.obj (.text:finddevice)
                  00002d4c    0000002e                                   : i_tofd_t2.asm.obj (.text)
                  00002d7a    00000002     --HOLE-- [fill = 0]
                  00002d7c    0000002c                                   : unlink.c.obj (.text:unlink)
                  00002da8    00000028                                   : memory.c.obj (.text:free_list_insert)
                  00002dd0    00000028                                   : lseek.c.obj (.text:lseek)
                  00002df8    00000028                                   : write.c.obj (.text:write)
                  00002e20    00000020                                   : memchr.c.obj (.text:memchr)
                  00002e40    0000001c                                   : copy_zero_init.c.obj (.text:decompress:ZI:__TI_zero_init_nomemset:__TI_zero_init_nomemset)
                  00002e5c    0000001c                                   : memory.c.obj (.text:free_list_remove)
                  00002e78    0000001c                                   : memccpy.c.obj (.text:memccpy)
                  00002e94    0000001a                                   : s_copysign.c.obj (.text:copysign)
                  00002eae    00000018                                   : strcmp.c.obj (.text:strcmp)
                  00002ec6    00000016                                   : strchr.c.obj (.text:strchr)
                  00002edc    00000014                                   : strcpy.c.obj (.text:strcpy)
                  00002ef0    00000014                                   : strlen.c.obj (.text:strlen)
                  00002f04    00000012                                   : wcslen.c.obj (.text:wcslen)
                  00002f16    0000000e                                   : copy_decompress_none.c.obj (.text:decompress:none:__TI_decompress_none)
                  00002f24    0000000e     startup_msp432p401r_ccs.obj (.text)
                  00002f32    00000002     --HOLE-- [fill = 0]
                  00002f34    00000008     rtsv7M4_T_le_v4SPD16_eabi.lib : errno.c.obj (.text:__aeabi_errno_addr)
                  00002f3c    00000008                                   : memory.c.obj (.text:malloc)
                  00002f44    00000004                                   : printf.c.obj (.text:_outc)
                  00002f48    00000004                                   : printf.c.obj (.text:_outs)
                  00002f4c    00000004                                   : pre_init.c.obj (.text:_system_pre_init)
                  00002f50    00000004                                   : exit.c.obj (.text:abort:abort)

.const     0    00002f54    0000013f     
                  00002f54    00000101     rtsv7M4_T_le_v4SPD16_eabi.lib : ctype.c.obj (.const:.string:_ctypes_)
                  00003055    0000003e     main.obj (.const:.string:$P$T0$1)

.cinit     0    00003098    00000090     
                  00003098    0000006a     (.cinit..data.load) [load image, compression = lzss]
                  00003102    00000002     --HOLE-- [fill = 0]
                  00003104    0000000c     (__TI_handler_table)
                  00003110    00000008     (.cinit..bss.load) [load image, compression = zero_init]
                  00003118    00000010     (__TI_cinit_table)

.init_array 
*          0    00000000    00000000     UNINITIALIZED

.binit     0    00000000    00000000     

.sysmem    0    20000000    00000400     UNINITIALIZED
                  20000000    00000010     rtsv7M4_T_le_v4SPD16_eabi.lib : memory.c.obj (.sysmem)
                  20000010    000003f0     --HOLE--

.data      0    20000400    000001ec     UNINITIALIZED
                  20000400    000000f0     rtsv7M4_T_le_v4SPD16_eabi.lib : defs.c.obj (.data:_ftable)
                  200004f0    00000078                                   : host_device.c.obj (.data:_device)
                  20000568    00000050                                   : host_device.c.obj (.data:_stream)
                  200005b8    00000010                                   : defs.c.obj (.data)
                  200005c8    0000000c                                   : exit.c.obj (.data:$O1$$)
                  200005d4    00000008                                   : _lock.c.obj (.data:$O1$$)
                  200005dc    00000008                                   : memory.c.obj (.data:$O1$$)
                  200005e4    00000004                                   : errno.c.obj (.data)
                  200005e8    00000004     system_msp432p401r.obj (.data)

.bss       0    200005ec    000001c8     UNINITIALIZED
                  200005ec    00000120     rtsv7M4_T_le_v4SPD16_eabi.lib : trgmsg.c.obj (.bss:_CIOBUF_)
                  2000070c    000000a0     (.common:__TI_tmpnams)
                  200007ac    00000008     (.common:parmbuf)

.stack     0    2000fe00    00000200     UNINITIALIZED
                  2000fe00    00000004     rtsv7M4_T_le_v4SPD16_eabi.lib : boot_cortex_m.c.obj (.stack)
                  2000fe04    000001fc     --HOLE--

__llvm_prf_cnts 
*          0    20000000    00000000     UNINITIALIZED

MODULE SUMMARY

       Module                        code    ro data   rw data
       ------                        ----    -------   -------
    .\
       system_msp432p401r.obj        820     0         8      
       main.obj                      316     62        0      
       startup_msp432p401r_ccs.obj   14      228       0      
    +--+-----------------------------+-------+---------+---------+
       Total:                        1150    290       8      
                                                              
    C:\ti\ccs1100\ccs\tools\compiler\ti-cgt-arm_20.2.5.LTS\lib\rtsv7M4_T_le_v4SPD16_eabi.lib
       _printfi.c.obj                4851    0         0      
       defs.c.obj                    0       0         832    
       memory.c.obj                  672     0         16     
       trgmsg.c.obj                  108     0         576    
       fd_add_t2.asm.obj             438     0         0      
       host_device.c.obj             0       0         400    
       fd_div_t2.asm.obj             310     0         0      
       fputs.c.obj                   276     0         0      
       s_scalbn.c.obj                272     0         0      
       fd_cmp_t2.asm.obj             268     0         0      
       ctype.c.obj                   0       257       0      
       fd_mul_t2.asm.obj             252     0         0      
       setvbuf.c.obj                 220     0         0      
       memcpy_t2.asm.obj             156     0         0      
       ull_div_t2.asm.obj            150     0         0      
       fputc.c.obj                   140     0         0      
       memset_t2.asm.obj             122     0         0      
       fclose.c.obj                  116     0         0      
       getdevice.c.obj               116     0         0      
       hostopen.c.obj                96      0         16     
       printf.c.obj                  112     0         0      
       hostrename.c.obj              108     0         0      
       copy_decompress_lzss.c.obj    104     0         0      
       hostlseek.c.obj               104     0         0      
       exit.c.obj                    76      0         24     
       fseek.c.obj                   100     0         0      
       s_frexp.c.obj                 100     0         0      
       _io_perm.c.obj                98      0         0      
       close.c.obj                   92      0         0      
       hostread.c.obj                88      0         0      
       hostwrite.c.obj               88      0         0      
       _ltoa.c.obj                   84      0         0      
       atoi.c.obj                    76      0         0      
       fflush.c.obj                  76      0         0      
       fd_toi_t2.asm.obj             72      0         0      
       autoinit.c.obj                68      0         0      
       hostclose.c.obj               68      0         0      
       hostunlink.c.obj              68      0         0      
       strncpy.c.obj                 54      0         0      
       boot_cortex_m.c.obj           52      0         0      
       fopen.c.obj                   52      0         0      
       i_tofd_t2.asm.obj             46      0         0      
       unlink.c.obj                  44      0         0      
       lseek.c.obj                   40      0         0      
       write.c.obj                   40      0         0      
       memchr.c.obj                  32      0         0      
       copy_zero_init.c.obj          28      0         0      
       memccpy.c.obj                 28      0         0      
       s_copysign.c.obj              26      0         0      
       strcmp.c.obj                  24      0         0      
       strchr.c.obj                  22      0         0      
       strcpy.c.obj                  20      0         0      
       strlen.c.obj                  20      0         0      
       _lock.c.obj                   2       0         16     
       wcslen.c.obj                  18      0         0      
       errno.c.obj                   8       0         8      
       copy_decompress_none.c.obj    14      0         0      
       pre_init.c.obj                4       0         0      
       div0.asm.obj                  2       0         0      
    +--+-----------------------------+-------+---------+---------+
       Total:                        10721   257       1888   
                                                              
       Heap:                         0       0         2048   
       Stack:                        0       0         1024   
       Linker Generated:             0       142       0      
    +--+-----------------------------+-------+---------+---------+
       Grand Total:                  11871   689       4968   


LINKER GENERATED COPY TABLES

__TI_cinit_table @ 00003118 records: 2, size/record: 8, table size: 16
	.data: load addr=00003098, load size=0000006a bytes, run addr=20000400, run size=000001ec bytes, compression=lzss
	.bss: load addr=00003110, load size=00000008 bytes, run addr=200005ec, run size=000001c8 bytes, compression=zero_init


LINKER GENERATED HANDLER TABLE

__TI_handler_table @ 00003104 records: 3, size/record: 4, table size: 12
	index: 0, handler: __TI_decompress_lzss
	index: 1, handler: __TI_decompress_none
	index: 2, handler: __TI_zero_init


GLOBAL SYMBOLS: SORTED ALPHABETICALLY BY Name 

address   name                           
-------   ----                           
00002f31  ADC14_IRQHandler               
00002f31  AES256_IRQHandler              
00002f31  BusFault_Handler               
00002f51  C$$EXIT                        
00002c3f  C$$IO$$                        
00002f31  COMP_E0_IRQHandler             
00002f31  COMP_E1_IRQHandler             
00002f31  CS_IRQHandler                  
00002f31  DMA_ERR_IRQHandler             
00002f31  DMA_INT0_IRQHandler            
00002f31  DMA_INT1_IRQHandler            
00002f31  DMA_INT2_IRQHandler            
00002f31  DMA_INT3_IRQHandler            
00002f31  DebugMon_Handler               
00002f31  Default_Handler                
00002f31  EUSCIA0_IRQHandler             
00002f31  EUSCIA1_IRQHandler             
00002f31  EUSCIA2_IRQHandler             
00002f31  EUSCIA3_IRQHandler             
00002f31  EUSCIB0_IRQHandler             
00002f31  EUSCIB1_IRQHandler             
00002f31  EUSCIB2_IRQHandler             
00002f31  EUSCIB3_IRQHandler             
00002f31  FLCTL_IRQHandler               
00002f31  FPU_IRQHandler                 
00002ac1  HOSTclose                      
000024cd  HOSTlseek                      
00002731  HOSTopen                       
000027ed  HOSTread                       
00002461  HOSTrename                     
00002b05  HOSTunlink                     
00002845  HOSTwrite                      
00002f31  HardFault_Handler              
00002f31  MemManage_Handler              
00002f31  NMI_Handler                    
00002f31  PCM_IRQHandler                 
00002f31  PORT1_IRQHandler               
00002f31  PORT2_IRQHandler               
00002f31  PORT3_IRQHandler               
00002f31  PORT4_IRQHandler               
00002f31  PORT5_IRQHandler               
00002f31  PORT6_IRQHandler               
00002f31  PSS_IRQHandler                 
00002f31  PendSV_Handler                 
00002f31  RTC_C_IRQHandler               
00002f25  Reset_Handler                  
00002f31  SVC_Handler                    
00002f31  SysTick_Handler                
200005e8  SystemCoreClock                
00000b35  SystemCoreClockUpdate          
00000dad  SystemInit                     
00002f31  T32_INT1_IRQHandler            
00002f31  T32_INT2_IRQHandler            
00002f31  T32_INTC_IRQHandler            
00002f31  TA0_0_IRQHandler               
00002f31  TA0_N_IRQHandler               
00002f31  TA1_0_IRQHandler               
00002f31  TA1_N_IRQHandler               
00002f31  TA2_0_IRQHandler               
00002f31  TA2_N_IRQHandler               
00002f31  TA3_0_IRQHandler               
00002f31  TA3_N_IRQHandler               
0000161f  UART2_init                     
00002f31  UsageFault_Handler             
4000480c  WDTCTL_SYM                     
00002f31  WDT_A_IRQHandler               
200005ec  __CIOBUF_                      
20010000  __STACK_END                    
00000200  __STACK_SIZE                   
00000400  __SYSMEM_SIZE                  
00003118  __TI_CINIT_Base                
00003128  __TI_CINIT_Limit               
00003104  __TI_Handler_Table_Base        
00003110  __TI_Handler_Table_Limit       
00002b49  __TI_auto_init_nobinit_nopinit 
00002c81  __TI_cleanup                   
200005c8  __TI_cleanup_ptr               
0000230d  __TI_closefile                 
00002535  __TI_decompress_lzss           
00002f17  __TI_decompress_none           
00002999  __TI_doflush                   
200005cc  __TI_dtors_ptr                 
200005d0  __TI_enable_exit_profile_output
200005b8  __TI_ft_end                    
000028f3  __TI_ltoa                      
ffffffff  __TI_pprof_out_hndl            
000000e5  __TI_printfi                   
ffffffff  __TI_prof_data_size            
ffffffff  __TI_prof_data_start           
00002cb5  __TI_readmsg                   
00000000  __TI_static_base__             
2000070c  __TI_tmpnams                   
00002c11  __TI_writemsg                  
000026cd  __TI_wrt_ok                    
00002e41  __TI_zero_init_nomemset        
00002185  __aeabi_cdcmpeq                
00002185  __aeabi_cdcmple                
0000220b  __aeabi_cdrcmple               
00002a79  __aeabi_d2iz                   
000012b3  __aeabi_dadd                   
000016d9  __aeabi_ddiv                   
00001c59  __aeabi_dmul                   
000012a9  __aeabi_dsub                   
00002f35  __aeabi_errno_addr             
00002d4d  __aeabi_i2d                    
0000145f  __aeabi_idiv0                  
0000145f  __aeabi_ldiv0                  
00002291  __aeabi_memclr                 
00002291  __aeabi_memclr4                
00002291  __aeabi_memclr8                
00001fc7  __aeabi_memcpy                 
00001fc7  __aeabi_memcpy4                
00001fc7  __aeabi_memcpy8                
00002293  __aeabi_memset                 
00002293  __aeabi_memset4                
00002293  __aeabi_memset8                
200005c4  __aeabi_stderr                 
200005bc  __aeabi_stdin                  
200005c0  __aeabi_stdout                 
00002063  __aeabi_uldivmod               
ffffffff  __binit__                      
ffffffff  __c_args__                     
UNDEFED   __mpu_init                     
2000fe00  __stack                        
20000000  __start___llvm_prf_cnts        
20000000  __stop___llvm_prf_cnts         
00002ce9  _c_int00_noargs                
00002f54  _ctypes_                       
200004f0  _device                        
20000400  _ftable                        
200005d4  _lock                          
00000b33  _nop                           
20000568  _stream                        
20000000  _sys_memory                    
UNDEFED   _system_post_cinit             
00002f4d  _system_pre_init               
200005d8  _unlock                        
00002f51  abort                          
00001b59  aligned_alloc                  
000029e5  atoi                           
ffffffff  binit                          
00002791  close                          
00002e95  copysign                       
00002e95  copysignl                      
0000165b  delayMs                        
200005e4  errno                          
00002a31  exit                           
00002d1d  finddevice                     
000020f9  fputc                          
00001935  fputs                          
00001d55  free                           
00002605  frexp                          
00002605  frexpl                         
00002669  fseek                          
00002b8d  getdevice                      
00000000  interruptVectors               
00001a49  ldexp                          
00001a49  ldexpl                         
00002dd1  lseek                          
0000159d  main                           
00002f3d  malloc                         
00001b59  memalign                       
00002e79  memccpy                        
00002e21  memchr                         
00001fc7  memcpy                         
00002299  memset                         
200007ac  parmbuf                        
0000259d  printf                         
000020f9  putc                           
00002d7d  remove                         
00001a49  scalbn                         
00001a49  scalbnl                        
00001e39  setvbuf                        
00002ec7  strchr                         
00002eaf  strcmp                         
00002edd  strcpy                         
00002ef1  strlen                         
00002c49  strncpy                        
00002d7d  unlink                         
00002f05  wcslen                         
00002df9  write                          


GLOBAL SYMBOLS: SORTED BY Symbol Address 

address   name                           
-------   ----                           
00000000  __TI_static_base__             
00000000  interruptVectors               
000000e5  __TI_printfi                   
00000200  __STACK_SIZE                   
00000400  __SYSMEM_SIZE                  
00000b33  _nop                           
00000b35  SystemCoreClockUpdate          
00000dad  SystemInit                     
000012a9  __aeabi_dsub                   
000012b3  __aeabi_dadd                   
0000145f  __aeabi_idiv0                  
0000145f  __aeabi_ldiv0                  
0000159d  main                           
0000161f  UART2_init                     
0000165b  delayMs                        
000016d9  __aeabi_ddiv                   
00001935  fputs                          
00001a49  ldexp                          
00001a49  ldexpl                         
00001a49  scalbn                         
00001a49  scalbnl                        
00001b59  aligned_alloc                  
00001b59  memalign                       
00001c59  __aeabi_dmul                   
00001d55  free                           
00001e39  setvbuf                        
00001fc7  __aeabi_memcpy                 
00001fc7  __aeabi_memcpy4                
00001fc7  __aeabi_memcpy8                
00001fc7  memcpy                         
00002063  __aeabi_uldivmod               
000020f9  fputc                          
000020f9  putc                           
00002185  __aeabi_cdcmpeq                
00002185  __aeabi_cdcmple                
0000220b  __aeabi_cdrcmple               
00002291  __aeabi_memclr                 
00002291  __aeabi_memclr4                
00002291  __aeabi_memclr8                
00002293  __aeabi_memset                 
00002293  __aeabi_memset4                
00002293  __aeabi_memset8                
00002299  memset                         
0000230d  __TI_closefile                 
00002461  HOSTrename                     
000024cd  HOSTlseek                      
00002535  __TI_decompress_lzss           
0000259d  printf                         
00002605  frexp                          
00002605  frexpl                         
00002669  fseek                          
000026cd  __TI_wrt_ok                    
00002731  HOSTopen                       
00002791  close                          
000027ed  HOSTread                       
00002845  HOSTwrite                      
000028f3  __TI_ltoa                      
00002999  __TI_doflush                   
000029e5  atoi                           
00002a31  exit                           
00002a79  __aeabi_d2iz                   
00002ac1  HOSTclose                      
00002b05  HOSTunlink                     
00002b49  __TI_auto_init_nobinit_nopinit 
00002b8d  getdevice                      
00002c11  __TI_writemsg                  
00002c3f  C$$IO$$                        
00002c49  strncpy                        
00002c81  __TI_cleanup                   
00002cb5  __TI_readmsg                   
00002ce9  _c_int00_noargs                
00002d1d  finddevice                     
00002d4d  __aeabi_i2d                    
00002d7d  remove                         
00002d7d  unlink                         
00002dd1  lseek                          
00002df9  write                          
00002e21  memchr                         
00002e41  __TI_zero_init_nomemset        
00002e79  memccpy                        
00002e95  copysign                       
00002e95  copysignl                      
00002eaf  strcmp                         
00002ec7  strchr                         
00002edd  strcpy                         
00002ef1  strlen                         
00002f05  wcslen                         
00002f17  __TI_decompress_none           
00002f25  Reset_Handler                  
00002f31  ADC14_IRQHandler               
00002f31  AES256_IRQHandler              
00002f31  BusFault_Handler               
00002f31  COMP_E0_IRQHandler             
00002f31  COMP_E1_IRQHandler             
00002f31  CS_IRQHandler                  
00002f31  DMA_ERR_IRQHandler             
00002f31  DMA_INT0_IRQHandler            
00002f31  DMA_INT1_IRQHandler            
00002f31  DMA_INT2_IRQHandler            
00002f31  DMA_INT3_IRQHandler            
00002f31  DebugMon_Handler               
00002f31  Default_Handler                
00002f31  EUSCIA0_IRQHandler             
00002f31  EUSCIA1_IRQHandler             
00002f31  EUSCIA2_IRQHandler             
00002f31  EUSCIA3_IRQHandler             
00002f31  EUSCIB0_IRQHandler             
00002f31  EUSCIB1_IRQHandler             
00002f31  EUSCIB2_IRQHandler             
00002f31  EUSCIB3_IRQHandler             
00002f31  FLCTL_IRQHandler               
00002f31  FPU_IRQHandler                 
00002f31  HardFault_Handler              
00002f31  MemManage_Handler              
00002f31  NMI_Handler                    
00002f31  PCM_IRQHandler                 
00002f31  PORT1_IRQHandler               
00002f31  PORT2_IRQHandler               
00002f31  PORT3_IRQHandler               
00002f31  PORT4_IRQHandler               
00002f31  PORT5_IRQHandler               
00002f31  PORT6_IRQHandler               
00002f31  PSS_IRQHandler                 
00002f31  PendSV_Handler                 
00002f31  RTC_C_IRQHandler               
00002f31  SVC_Handler                    
00002f31  SysTick_Handler                
00002f31  T32_INT1_IRQHandler            
00002f31  T32_INT2_IRQHandler            
00002f31  T32_INTC_IRQHandler            
00002f31  TA0_0_IRQHandler               
00002f31  TA0_N_IRQHandler               
00002f31  TA1_0_IRQHandler               
00002f31  TA1_N_IRQHandler               
00002f31  TA2_0_IRQHandler               
00002f31  TA2_N_IRQHandler               
00002f31  TA3_0_IRQHandler               
00002f31  TA3_N_IRQHandler               
00002f31  UsageFault_Handler             
00002f31  WDT_A_IRQHandler               
00002f35  __aeabi_errno_addr             
00002f3d  malloc                         
00002f4d  _system_pre_init               
00002f51  C$$EXIT                        
00002f51  abort                          
00002f54  _ctypes_                       
00003104  __TI_Handler_Table_Base        
00003110  __TI_Handler_Table_Limit       
00003118  __TI_CINIT_Base                
00003128  __TI_CINIT_Limit               
20000000  __start___llvm_prf_cnts        
20000000  __stop___llvm_prf_cnts         
20000000  _sys_memory                    
20000400  _ftable                        
200004f0  _device                        
20000568  _stream                        
200005b8  __TI_ft_end                    
200005bc  __aeabi_stdin                  
200005c0  __aeabi_stdout                 
200005c4  __aeabi_stderr                 
200005c8  __TI_cleanup_ptr               
200005cc  __TI_dtors_ptr                 
200005d0  __TI_enable_exit_profile_output
200005d4  _lock                          
200005d8  _unlock                        
200005e4  errno                          
200005e8  SystemCoreClock                
200005ec  __CIOBUF_                      
2000070c  __TI_tmpnams                   
200007ac  parmbuf                        
2000fe00  __stack                        
20010000  __STACK_END                    
4000480c  WDTCTL_SYM                     
ffffffff  __TI_pprof_out_hndl            
ffffffff  __TI_prof_data_size            
ffffffff  __TI_prof_data_start           
ffffffff  __binit__                      
ffffffff  __c_args__                     
ffffffff  binit                          
UNDEFED   __mpu_init                     
UNDEFED   _system_post_cinit             

[181 symbols]
